Component: ARM Compiler 5.06 update 3 (build 300) Tool: armlink [4d35c9]

==============================================================================

Section Cross References

    main.o(i.DumpGpioRegs) refers to _printf_percent.o(.ARM.Collect$$_printf_percent$$00000000) for _printf_percent
    main.o(i.DumpGpioRegs) refers to _printf_x.o(.ARM.Collect$$_printf_percent$$0000000C) for _printf_x
    main.o(i.DumpGpioRegs) refers to _printf_hex_int.o(.text) for _printf_longlong_hex
    main.o(i.DumpGpioRegs) refers to noretval__2printf.o(.text) for __2printf
    main.o(i.DumpI2CRegs) refers to _printf_percent.o(.ARM.Collect$$_printf_percent$$00000000) for _printf_percent
    main.o(i.DumpI2CRegs) refers to _printf_x.o(.ARM.Collect$$_printf_percent$$0000000C) for _printf_x
    main.o(i.DumpI2CRegs) refers to _printf_hex_int.o(.text) for _printf_longlong_hex
    main.o(i.DumpI2CRegs) refers to noretval__2printf.o(.text) for __2printf
    main.o(i.main) refers to _printf_percent.o(.ARM.Collect$$_printf_percent$$00000000) for _printf_percent
    main.o(i.main) refers to _printf_x.o(.ARM.Collect$$_printf_percent$$0000000C) for _printf_x
    main.o(i.main) refers to _printf_hex_int.o(.text) for _printf_longlong_hex
    main.o(i.main) refers to _printf_pad.o(.text) for _printf_pre_padding
    main.o(i.main) refers to logdebug.o(i.LogDebugInit) for LogDebugInit
    main.o(i.main) refers to main.o(i.MainDelay) for MainDelay
    main.o(i.main) refers to noretval__2printf.o(.text) for __2printf
    main.o(i.main) refers to stm32_eval_i2c_ee.o(i.sEE_Init) for sEE_Init
    main.o(i.main) refers to main.o(i.DumpI2CRegs) for DumpI2CRegs
    main.o(i.main) refers to main.o(i.DumpGpioRegs) for DumpGpioRegs
    main.o(i.main) refers to stm32_eval_i2c_ee.o(i.sEE_WriteBuffer) for sEE_WriteBuffer
    main.o(i.main) refers to stm32_eval_i2c_ee.o(i.sEE_ReadBuffer) for sEE_ReadBuffer
    main.o(i.main) refers to main.o(i.Buffercmp) for Buffercmp
    main.o(i.main) refers to stm32_eval_i2c_ee.o(i.sEE_DeInit) for sEE_DeInit
    main.o(i.main) refers to main.o(.data) for Tx1_Buffer
    main.o(i.main) refers to main.o(.bss) for Rx_Buffer
    main.o(i.sEE_TIMEOUT_UserCallback) refers to noretval__2printf.o(.text) for __2printf
    main.o(i.sEE_TIMEOUT_UserCallback) refers to main.o(i.DumpI2CRegs) for DumpI2CRegs
    system_stm32f10x.o(i.SetSysClock) refers to system_stm32f10x.o(i.SetSysClockTo72) for SetSysClockTo72
    system_stm32f10x.o(i.SystemCoreClockUpdate) refers to system_stm32f10x.o(.data) for SystemCoreClock
    system_stm32f10x.o(i.SystemInit) refers to system_stm32f10x.o(i.SetSysClock) for SetSysClock
    logdebug.o(i.LogDebugInit) refers (Special) to use_no_semi_2.o(.text) for __use_no_semihosting
    logdebug.o(i.LogDebugInit) refers to stm32f10x_rcc.o(i.RCC_APB2PeriphClockCmd) for RCC_APB2PeriphClockCmd
    logdebug.o(i.LogDebugInit) refers to stm32f10x_gpio.o(i.GPIO_Init) for GPIO_Init
    logdebug.o(i.LogDebugInit) refers to stm32f10x_usart.o(i.USART_Init) for USART_Init
    logdebug.o(i.LogDebugInit) refers to stm32f10x_usart.o(i.USART_Cmd) for USART_Cmd
    logdebug.o(i._sys_exit) refers (Special) to use_no_semi_2.o(.text) for __use_no_semihosting
    logdebug.o(i.fputc) refers (Special) to use_no_semi_2.o(.text) for __use_no_semihosting
    logdebug.o(.data) refers (Special) to use_no_semi_2.o(.text) for __use_no_semihosting
    misc.o(i.NVIC_Init) refers to main.o(i.assert_failed) for assert_failed
    misc.o(i.NVIC_PriorityGroupConfig) refers to main.o(i.assert_failed) for assert_failed
    misc.o(i.NVIC_SetVectorTable) refers to main.o(i.assert_failed) for assert_failed
    misc.o(i.NVIC_SystemLPConfig) refers to main.o(i.assert_failed) for assert_failed
    misc.o(i.SysTick_CLKSourceConfig) refers to main.o(i.assert_failed) for assert_failed
    stm32f10x_rcc.o(i.RCC_ADCCLKConfig) refers to main.o(i.assert_failed) for assert_failed
    stm32f10x_rcc.o(i.RCC_ADCCLKConfig) refers to stm32f10x_rcc.o(.conststring) for .conststring
    stm32f10x_rcc.o(i.RCC_AHBPeriphClockCmd) refers to main.o(i.assert_failed) for assert_failed
    stm32f10x_rcc.o(i.RCC_AHBPeriphClockCmd) refers to stm32f10x_rcc.o(.conststring) for .conststring
    stm32f10x_rcc.o(i.RCC_APB1PeriphClockCmd) refers to main.o(i.assert_failed) for assert_failed
    stm32f10x_rcc.o(i.RCC_APB1PeriphClockCmd) refers to stm32f10x_rcc.o(.conststring) for .conststring
    stm32f10x_rcc.o(i.RCC_APB1PeriphResetCmd) refers to main.o(i.assert_failed) for assert_failed
    stm32f10x_rcc.o(i.RCC_APB1PeriphResetCmd) refers to stm32f10x_rcc.o(.conststring) for .conststring
    stm32f10x_rcc.o(i.RCC_APB2PeriphClockCmd) refers to main.o(i.assert_failed) for assert_failed
    stm32f10x_rcc.o(i.RCC_APB2PeriphClockCmd) refers to stm32f10x_rcc.o(.conststring) for .conststring
    stm32f10x_rcc.o(i.RCC_APB2PeriphResetCmd) refers to main.o(i.assert_failed) for assert_failed
[...]
    sys_stackheap_outer.o(.text) refers to startup_stm32f10x_hd.o(.text) for __user_initial_stackheap
    exit.o(.text) refers to rtexit.o(.ARM.Collect$$rtexit$$00000000) for __rt_exit
    libinit.o(.ARM.Collect$$libinit$$00000000) refers (Special) to libinit2.o(.ARM.Collect$$libinit$$0000002E) for __rt_lib_init_alloca_1
    libinit.o(.ARM.Collect$$libinit$$00000000) refers (Special) to libinit2.o(.ARM.Collect$$libinit$$0000002C) for __rt_lib_init_argv_1
    libinit.o(.ARM.Collect$$libinit$$00000000) refers (Special) to libinit2.o(.ARM.Collect$$libinit$$0000001B) for __rt_lib_init_atexit_1
    libinit.o(.ARM.Collect$$libinit$$00000000) refers (Special) to libinit2.o(.ARM.Collect$$libinit$$00000021) for __rt_lib_init_clock_1
    libinit.o(.ARM.Collect$$libinit$$00000000) refers (Special) to libinit2.o(.ARM.Collect$$libinit$$00000032) for __rt_lib_init_cpp_1
    libinit.o(.ARM.Collect$$libinit$$00000000) refers (Special) to libinit2.o(.ARM.Collect$$libinit$$00000030) for __rt_lib_init_exceptions_1
    libinit.o(.ARM.Collect$$libinit$$00000000) refers (Special) to libinit2.o(.ARM.Collect$$libinit$$00000002) for __rt_lib_init_fp_1
    libinit.o(.ARM.Collect$$libinit$$00000000) refers (Special) to libinit2.o(.ARM.Collect$$libinit$$0000001F) for __rt_lib_init_fp_trap_1
    libinit.o(.ARM.Collect$$libinit$$00000000) refers (Special) to libinit2.o(.ARM.Collect$$libinit$$00000023) for __rt_lib_init_getenv_1
    libinit.o(.ARM.Collect$$libinit$$00000000) refers (Special) to libinit2.o(.ARM.Collect$$libinit$$0000000A) for __rt_lib_init_heap_1
    libinit.o(.ARM.Collect$$libinit$$00000000) refers (Special) to libinit2.o(.ARM.Collect$$libinit$$00000011) for __rt_lib_init_lc_collate_1
    libinit.o(.ARM.Collect$$libinit$$00000000) refers (Special) to libinit2.o(.ARM.Collect$$libinit$$00000013) for __rt_lib_init_lc_ctype_1
    libinit.o(.ARM.Collect$$libinit$$00000000) refers (Special) to libinit2.o(.ARM.Collect$$libinit$$00000015) for __rt_lib_init_lc_monetary_1
    libinit.o(.ARM.Collect$$libinit$$00000000) refers (Special) to libinit2.o(.ARM.Collect$$libinit$$00000017) for __rt_lib_init_lc_numeric_1
    libinit.o(.ARM.Collect$$libinit$$00000000) refers (Special) to libinit2.o(.ARM.Collect$$libinit$$00000019) for __rt_lib_init_lc_time_1
    libinit.o(.ARM.Collect$$libinit$$00000000) refers (Special) to libinit2.o(.ARM.Collect$$libinit$$00000004) for __rt_lib_init_preinit_1
    libinit.o(.ARM.Collect$$libinit$$00000000) refers (Special) to libinit2.o(.ARM.Collect$$libinit$$0000000E) for __rt_lib_init_rand_1
    libinit.o(.ARM.Collect$$libinit$$00000000) refers (Special) to libinit2.o(.ARM.Collect$$libinit$$00000033) for __rt_lib_init_return
    libinit.o(.ARM.Collect$$libinit$$00000000) refers (Special) to libinit2.o(.ARM.Collect$$libinit$$0000001D) for __rt_lib_init_signal_1
    libinit.o(.ARM.Collect$$libinit$$00000000) refers (Special) to libinit2.o(.ARM.Collect$$libinit$$00000025) for __rt_lib_init_stdio_1
    libinit.o(.ARM.Collect$$libinit$$00000000) refers (Special) to libinit2.o(.ARM.Collect$$libinit$$0000000C) for __rt_lib_init_user_alloc_1
    libspace.o(.text) refers to libspace.o(.bss) for __libspace_start
    rtexit.o(.ARM.Collect$$rtexit$$00000000) refers (Special) to rtexit2.o(.ARM.Collect$$rtexit$$00000004) for __rt_exit_exit
    rtexit.o(.ARM.Collect$$rtexit$$00000000) refers (Special) to rtexit2.o(.ARM.Collect$$rtexit$$00000003) for __rt_exit_ls
    rtexit.o(.ARM.Collect$$rtexit$$00000000) refers (Special) to rtexit2.o(.ARM.Collect$$rtexit$$00000002) for __rt_exit_prels_1
    rtexit.o(.ARM.exidx) refers (Special) to rtexit2.o(.ARM.Collect$$rtexit$$00000004) for __rt_exit_exit
    rtexit.o(.ARM.exidx) refers (Special) to rtexit2.o(.ARM.Collect$$rtexit$$00000003) for __rt_exit_ls
    rtexit.o(.ARM.exidx) refers (Special) to rtexit2.o(.ARM.Collect$$rtexit$$00000002) for __rt_exit_prels_1
    rtexit.o(.ARM.exidx) refers to rtexit.o(.ARM.Collect$$rtexit$$00000000) for .ARM.Collect$$rtexit$$00000000
    libinit2.o(.ARM.Collect$$libinit$$00000010) refers to libinit2.o(.ARM.Collect$$libinit$$0000000F) for .ARM.Collect$$libinit$$0000000F
    libinit2.o(.ARM.Collect$$libinit$$00000012) refers to libinit2.o(.ARM.Collect$$libinit$$0000000F) for .ARM.Collect$$libinit$$0000000F
    libinit2.o(.ARM.Collect$$libinit$$00000014) refers to libinit2.o(.ARM.Collect$$libinit$$0000000F) for .ARM.Collect$$libinit$$0000000F
    libinit2.o(.ARM.Collect$$libinit$$00000016) refers to libinit2.o(.ARM.Collect$$libinit$$0000000F) for .ARM.Collect$$libinit$$0000000F
    libinit2.o(.ARM.Collect$$libinit$$00000018) refers to libinit2.o(.ARM.Collect$$libinit$$0000000F) for .ARM.Collect$$libinit$$0000000F
    libinit2.o(.ARM.Collect$$libinit$$00000026) refers to argv_veneer.o(.emb_text) for __ARM_argv_veneer
    libinit2.o(.ARM.Collect$$libinit$$00000027) refers to argv_veneer.o(.emb_text) for __ARM_argv_veneer
    rtexit2.o(.ARM.Collect$$rtexit$$00000003) refers to libshutdown.o(.ARM.Collect$$libshutdown$$00000000) for __rt_lib_shutdown
    rtexit2.o(.ARM.Collect$$rtexit$$00000004) refers to logdebug.o(i._sys_exit) for _sys_exit
    rtexit2.o(.ARM.exidx) refers to rtexit2.o(.ARM.Collect$$rtexit$$00000001) for .ARM.Collect$$rtexit$$00000001
    rtexit2.o(.ARM.exidx) refers to rtexit2.o(.ARM.Collect$$rtexit$$00000003) for .ARM.Collect$$rtexit$$00000003
    rtexit2.o(.ARM.exidx) refers to rtexit2.o(.ARM.Collect$$rtexit$$00000004) for .ARM.Collect$$rtexit$$00000004
    argv_veneer.o(.emb_text) refers to no_argv.o(.text) for __ARM_get_argv
    _get_argv_nomalloc.o(.text) refers (Special) to hrguard.o(.text) for __heap_region$guard
    _get_argv_nomalloc.o(.text) refers to defsig_rtmem_outer.o(.text) for __rt_SIGRTMEM
    _get_argv_nomalloc.o(.text) refers to sys_command.o(.text) for _sys_command_string
    libshutdown.o(.ARM.Collect$$libshutdown$$00000000) refers (Special) to libshutdown2.o(.ARM.Collect$$libshutdown$$00000002) for __rt_lib_shutdown_cpp_1
    libshutdown.o(.ARM.Collect$$libshutdown$$00000000) refers (Special) to libshutdown2.o(.ARM.Collect$$libshutdown$$00000007) for __rt_lib_shutdown_fp_trap_1
    libshutdown.o(.ARM.Collect$$libshutdown$$00000000) refers (Special) to libshutdown2.o(.ARM.Collect$$libshutdown$$0000000F) for __rt_lib_shutdown_heap_1
    libshutdown.o(.ARM.Collect$$libshutdown$$00000000) refers (Special) to libshutdown2.o(.ARM.Collect$$libshutdown$$00000010) for __rt_lib_shutdown_return
    libshutdown.o(.ARM.Collect$$libshutdown$$00000000) refers (Special) to libshutdown2.o(.ARM.Collect$$libshutdown$$0000000A) for __rt_lib_shutdown_signal_1
    libshutdown.o(.ARM.Collect$$libshutdown$$00000000) refers (Special) to libshutdown2.o(.ARM.Collect$$libshutdown$$00000004) for __rt_lib_shutdown_stdio_1
    libshutdown.o(.ARM.Collect$$libshutdown$$00000000) refers (Special) to libshutdown2.o(.ARM.Collect$$libshutdown$$0000000C) for __rt_lib_shutdown_user_alloc_1
    sys_command.o(.text) refers (Special) to use_no_semi.o(.text) for __I$use$semihosting
    sys_command.o(.text) refers (Special) to indicate_semi.o(.text) for __semihosting_library_function
    defsig_rtmem_outer.o(.text) refers to defsig_rtmem_inner.o(.text) for __rt_SIGRTMEM_inner
    defsig_rtmem_outer.o(.text) refers to defsig_exit.o(.text) for __sig_exit
    defsig_rtmem_formal.o(.text) refers to rt_raise.o(.text) for __rt_raise
    rt_raise.o(.text) refers to __raise.o(.text) for __raise
    rt_raise.o(.text) refers to logdebug.o(i._sys_exit) for _sys_exit
    defsig_exit.o(.text) refers to logdebug.o(i._sys_exit) for _sys_exit
    defsig_rtmem_inner.o(.text) refers to defsig_general.o(.text) for __default_signal_display
    __raise.o(.text) refers to defsig.o(CL$$defsig) for __default_signal_handler
    defsig_general.o(.text) refers to sys_wrch.o(.text) for _ttywrch
    sys_wrch.o(.text) refers (Special) to use_no_semi.o(.text) for __I$use$semihosting
    sys_wrch.o(.text) refers (Special) to indicate_semi.o(.text) for __semihosting_library_function
    defsig.o(CL$$defsig) refers to defsig_rtmem_inner.o(.text) for __rt_SIGRTMEM_inner
    defsig_abrt_inner.o(.text) refers to defsig_general.o(.text) for __default_signal_display
    defsig_fpe_inner.o(.text) refers to defsig_general.o(.text) for __default_signal_display
    defsig_rtred_inner.o(.text) refers to defsig_general.o(.text) for __default_signal_display
    defsig_stak_inner.o(.text) refers to defsig_general.o(.text) for __default_signal_display
    defsig_pvfn_inner.o(.text) refers to defsig_general.o(.text) for __default_signal_display
    defsig_cppl_inner.o(.text) refers to defsig_general.o(.text) for __default_signal_display
    defsig_segv_inner.o(.text) refers to defsig_general.o(.text) for __default_signal_display
    defsig_other.o(.text) refers to defsig_general.o(.text) for __default_signal_display


==============================================================================

Removing Unused input sections from the image.

    Removing system_stm32f10x.o(i.SystemCoreClockUpdate), (164 bytes).
    Removing system_stm32f10x.o(.data), (20 bytes).
    Removing misc.o(i.NVIC_PriorityGroupConfig), (124 bytes).
    Removing misc.o(i.NVIC_SetVectorTable), (132 bytes).
    Removing misc.o(i.NVIC_SystemLPConfig), (136 bytes).
    Removing misc.o(i.SysTick_CLKSourceConfig), (124 bytes).
    Removing stm32f10x_rcc.o(i.RCC_ADCCLKConfig), (60 bytes).
    Removing stm32f10x_rcc.o(i.RCC_APB2PeriphResetCmd), (84 bytes).
    Removing stm32f10x_rcc.o(i.RCC_AdjustHSICalibrationValue), (48 bytes).
    Removing stm32f10x_rcc.o(i.RCC_BackupResetCmd), (36 bytes).
    Removing stm32f10x_rcc.o(i.RCC_ClearFlag), (20 bytes).
    Removing stm32f10x_rcc.o(i.RCC_ClearITPendingBit), (40 bytes).
    Removing stm32f10x_rcc.o(i.RCC_ClockSecuritySystemCmd), (36 bytes).
    Removing stm32f10x_rcc.o(i.RCC_DeInit), (76 bytes).
    Removing stm32f10x_rcc.o(i.RCC_GetFlagStatus), (128 bytes).
    Removing stm32f10x_rcc.o(i.RCC_GetITStatus), (68 bytes).
    Removing stm32f10x_rcc.o(i.RCC_GetSYSCLKSource), (16 bytes).
    Removing stm32f10x_rcc.o(i.RCC_HCLKConfig), (76 bytes).
    Removing stm32f10x_rcc.o(i.RCC_HSEConfig), (108 bytes).
    Removing stm32f10x_rcc.o(i.RCC_HSICmd), (36 bytes).
    Removing stm32f10x_rcc.o(i.RCC_ITConfig), (80 bytes).
    Removing stm32f10x_rcc.o(i.RCC_LSEConfig), (80 bytes).
    Removing stm32f10x_rcc.o(i.RCC_LSICmd), (36 bytes).
    Removing stm32f10x_rcc.o(i.RCC_MCOConfig), (48 bytes).
    Removing stm32f10x_rcc.o(i.RCC_PCLK1Config), (68 bytes).
    Removing stm32f10x_rcc.o(i.RCC_PCLK2Config), (68 bytes).
    Removing stm32f10x_rcc.o(i.RCC_PLLCmd), (36 bytes).
    Removing stm32f10x_rcc.o(i.RCC_PLLConfig), (160 bytes).
    Removing stm32f10x_rcc.o(i.RCC_RTCCLKCmd), (36 bytes).
    Removing stm32f10x_rcc.o(i.RCC_RTCCLKConfig), (56 bytes).
    Removing stm32f10x_rcc.o(i.RCC_SYSCLKConfig), (52 bytes).
    Removing stm32f10x_rcc.o(i.RCC_USBCLKConfig), (36 bytes).
    Removing stm32f10x_rcc.o(i.RCC_WaitForHSEStartUp), (56 bytes).
    Removing stm32f10x_i2c.o(i.I2C_ARPCmd), (84 bytes).
    Removing stm32f10x_i2c.o(i.I2C_CalculatePEC), (84 bytes).
    Removing stm32f10x_i2c.o(i.I2C_ClearITPendingBit), (76 bytes).
    Removing stm32f10x_i2c.o(i.I2C_DualAddressCmd), (84 bytes).
    Removing stm32f10x_i2c.o(i.I2C_FastModeDutyCycleConfig), (96 bytes).
    Removing stm32f10x_i2c.o(i.I2C_GeneralCallCmd), (84 bytes).
    Removing stm32f10x_i2c.o(i.I2C_GetITStatus), (216 bytes).
    Removing stm32f10x_i2c.o(i.I2C_GetLastEvent), (68 bytes).
    Removing stm32f10x_i2c.o(i.I2C_GetPEC), (48 bytes).
    Removing stm32f10x_i2c.o(i.I2C_ITConfig), (104 bytes).
    Removing stm32f10x_i2c.o(i.I2C_NACKPositionConfig), (96 bytes).
    Removing stm32f10x_i2c.o(i.I2C_OwnAddress2Config), (64 bytes).
    Removing stm32f10x_i2c.o(i.I2C_PECPositionConfig), (96 bytes).
    Removing stm32f10x_i2c.o(i.I2C_ReadRegister), (108 bytes).
    Removing stm32f10x_i2c.o(i.I2C_SMBusAlertConfig), (96 bytes).
    Removing stm32f10x_i2c.o(i.I2C_SoftwareResetCmd), (84 bytes).
    Removing stm32f10x_i2c.o(i.I2C_StretchClockCmd), (84 bytes).
    Removing stm32f10x_i2c.o(i.I2C_StructInit), (30 bytes).
    Removing stm32f10x_i2c.o(i.I2C_TransmitPEC), (84 bytes).
    Removing stm32f10x_gpio.o(i.GPIO_AFIODeInit), (20 bytes).
    Removing stm32f10x_gpio.o(i.GPIO_DeInit), (256 bytes).
    Removing stm32f10x_gpio.o(i.GPIO_ETH_MediaInterfaceConfig), (36 bytes).
    Removing stm32f10x_gpio.o(i.GPIO_EXTILineConfig), (184 bytes).
    Removing stm32f10x_gpio.o(i.GPIO_EventOutputCmd), (36 bytes).
    Removing stm32f10x_gpio.o(i.GPIO_EventOutputConfig), (144 bytes).
    Removing stm32f10x_gpio.o(i.GPIO_PinLockConfig), (128 bytes).
    Removing stm32f10x_gpio.o(i.GPIO_PinRemapConfig), (540 bytes).
    Removing stm32f10x_gpio.o(i.GPIO_ReadInputData), (96 bytes).
    Removing stm32f10x_gpio.o(i.GPIO_ReadInputDataBit), (204 bytes).
    Removing stm32f10x_gpio.o(i.GPIO_ReadOutputData), (96 bytes).
    Removing stm32f10x_gpio.o(i.GPIO_ReadOutputDataBit), (204 bytes).
    Removing stm32f10x_gpio.o(i.GPIO_ResetBits), (116 bytes).
    Removing stm32f10x_gpio.o(i.GPIO_SetBits), (116 bytes).
    Removing stm32f10x_gpio.o(i.GPIO_StructInit), (16 bytes).
    Removing stm32f10x_gpio.o(i.GPIO_Write), (96 bytes).
    Removing stm32f10x_gpio.o(i.GPIO_WriteBit), (216 bytes).
    Removing stm32f10x_dma.o(i.DMA_ClearITPendingBit), (64 bytes).
    Removing stm32f10x_dma.o(i.DMA_GetCurrDataCounter), (128 bytes).
    Removing stm32f10x_dma.o(i.DMA_GetITStatus), (392 bytes).
    Removing stm32f10x_dma.o(i.DMA_SetCurrDataCounter), (128 bytes).
    Removing stm32f10x_dma.o(i.DMA_StructInit), (26 bytes).
    Removing stm32f10x_spi.o(i.I2S_Cmd), (84 bytes).
    Removing stm32f10x_spi.o(i.I2S_Init), (452 bytes).
    Removing stm32f10x_spi.o(i.I2S_StructInit), (20 bytes).
    Removing stm32f10x_spi.o(i.SPI_BiDirectionalLineConfig), (108 bytes).
    Removing stm32f10x_spi.o(i.SPI_CalculateCRC), (96 bytes).
    Removing stm32f10x_spi.o(i.SPI_Cmd), (96 bytes).
    Removing stm32f10x_spi.o(i.SPI_DataSizeConfig), (92 bytes).
    Removing stm32f10x_spi.o(i.SPI_GetCRC), (88 bytes).
    Removing stm32f10x_spi.o(i.SPI_GetCRCPolynomial), (56 bytes).
    Removing stm32f10x_spi.o(i.SPI_I2S_ClearFlag), (76 bytes).
    Removing stm32f10x_spi.o(i.SPI_I2S_ClearITPendingBit), (88 bytes).
    Removing stm32f10x_spi.o(i.SPI_I2S_DMACmd), (112 bytes).
    Removing stm32f10x_spi.o(i.SPI_I2S_DeInit), (120 bytes).
    Removing stm32f10x_spi.o(i.SPI_I2S_GetFlagStatus), (116 bytes).
    Removing stm32f10x_spi.o(i.SPI_I2S_GetITStatus), (152 bytes).
    Removing stm32f10x_spi.o(i.SPI_I2S_ITConfig), (136 bytes).
    Removing stm32f10x_spi.o(i.SPI_I2S_ReceiveData), (56 bytes).
    Removing stm32f10x_spi.o(i.SPI_I2S_SendData), (56 bytes).
    Removing stm32f10x_spi.o(i.SPI_Init), (344 bytes).
    Removing stm32f10x_spi.o(i.SPI_NSSInternalSoftwareConfig), (108 bytes).
    Removing stm32f10x_spi.o(i.SPI_SSOutputCmd), (96 bytes).
    Removing stm32f10x_spi.o(i.SPI_StructInit), (24 bytes).
    Removing stm32f10x_spi.o(i.SPI_TransmitCRC), (60 bytes).
    Removing stm32f10x_spi.o(.conststring), (69 bytes).
    Removing stm32f10x_usart.o(i.USART_ClearFlag), (140 bytes).
    Removing stm32f10x_usart.o(i.USART_ClearITPendingBit), (176 bytes).
    Removing stm32f10x_usart.o(i.USART_ClockInit), (180 bytes).
    Removing stm32f10x_usart.o(i.USART_ClockStructInit), (12 bytes).
    Removing stm32f10x_usart.o(i.USART_DMACmd), (132 bytes).
    Removing stm32f10x_usart.o(i.USART_DeInit), (200 bytes).
    Removing stm32f10x_usart.o(i.USART_GetFlagStatus), (184 bytes).
    Removing stm32f10x_usart.o(i.USART_GetITStatus), (276 bytes).
    Removing stm32f10x_usart.o(i.USART_HalfDuplexCmd), (116 bytes).
    Removing stm32f10x_usart.o(i.USART_ITConfig), (272 bytes).
    Removing stm32f10x_usart.o(i.USART_IrDACmd), (116 bytes).
    Removing stm32f10x_usart.o(i.USART_IrDAConfig), (108 bytes).
    Removing stm32f10x_usart.o(i.USART_LINBreakDetectLengthConfig), (108 bytes).
    Removing stm32f10x_usart.o(i.USART_LINCmd), (116 bytes).
    Removing stm32f10x_usart.o(i.USART_OneBitMethodCmd), (116 bytes).
    Removing stm32f10x_usart.o(i.USART_OverSampling8Cmd), (112 bytes).
    Removing stm32f10x_usart.o(i.USART_ReceiveData), (80 bytes).
    Removing stm32f10x_usart.o(i.USART_ReceiverWakeUpCmd), (116 bytes).
    Removing stm32f10x_usart.o(i.USART_SendBreak), (80 bytes).
    Removing stm32f10x_usart.o(i.USART_SendData), (100 bytes).
    Removing stm32f10x_usart.o(i.USART_SetAddress), (108 bytes).
    Removing stm32f10x_usart.o(i.USART_SetGuardTime), (68 bytes).
    Removing stm32f10x_usart.o(i.USART_SetPrescaler), (88 bytes).
    Removing stm32f10x_usart.o(i.USART_SmartCardCmd), (96 bytes).
    Removing stm32f10x_usart.o(i.USART_SmartCardNACKCmd), (96 bytes).
    Removing stm32f10x_usart.o(i.USART_StructInit), (24 bytes).
    Removing stm32f10x_usart.o(i.USART_WakeUpConfig), (112 bytes).
    Removing stm32f10x_exti.o(i.EXTI_ClearFlag), (36 bytes).
    Removing stm32f10x_exti.o(i.EXTI_ClearITPendingBit), (36 bytes).
    Removing stm32f10x_exti.o(i.EXTI_DeInit), (36 bytes).
    Removing stm32f10x_exti.o(i.EXTI_GenerateSWInterrupt), (44 bytes).
    Removing stm32f10x_exti.o(i.EXTI_GetFlagStatus), (148 bytes).
    Removing stm32f10x_exti.o(i.EXTI_GetITStatus), (160 bytes).
    Removing stm32f10x_exti.o(i.EXTI_Init), (244 bytes).
    Removing stm32f10x_exti.o(i.EXTI_StructInit), (16 bytes).
    Removing stm32f10x_exti.o(.conststring), (70 bytes).
    Removing core_cm3.o(.emb_text), (32 bytes).
    Removing stm3210c_eval.o(i.SD_LowLevel_DeInit), (140 bytes).
    Removing stm3210c_eval.o(i.SD_LowLevel_Init), (236 bytes).
    Removing stm3210c_eval.o(i.STM_EVAL_COMInit), (172 bytes).
    Removing stm3210c_eval.o(i.STM_EVAL_LEDInit), (64 bytes).
    Removing stm3210c_eval.o(i.STM_EVAL_LEDOff), (24 bytes).
    Removing stm3210c_eval.o(i.STM_EVAL_LEDOn), (24 bytes).
    Removing stm3210c_eval.o(i.STM_EVAL_LEDToggle), (36 bytes).
    Removing stm3210c_eval.o(i.STM_EVAL_PBGetState), (32 bytes).
    Removing stm3210c_eval.o(i.STM_EVAL_PBInit), (176 bytes).
    Removing stm3210c_eval.o(.constdata), (84 bytes).
    Removing stm3210c_eval.o(.data), (40 bytes).

146 unused section(s) (total 15159 bytes) removed from the image.

==============================================================================

Image Symbol Table

    Local Symbols

    Symbol Name                              Value     Ov Type        Size  Object(Section)

    ../clib/angel/boardlib.s                 0x00000000   Number         0  boardinit1.o ABSOLUTE
    ../clib/angel/boardlib.s                 0x00000000   Number         0  boardinit2.o ABSOLUTE
    ../clib/angel/boardlib.s                 0x00000000   Number         0  boardinit3.o ABSOLUTE
    ../clib/angel/boardlib.s                 0x00000000   Number         0  boardshut.o ABSOLUTE
    ../clib/angel/handlers.s                 0x00000000   Number         0  __scatter_zi.o ABSOLUTE
    ../clib/angel/handlers.s                 0x00000000   Number         0  __scatter_copy.o ABSOLUTE
    ../clib/angel/kernel.s                   0x00000000   Number         0  rtexit.o ABSOLUTE
    ../clib/angel/kernel.s                   0x00000000   Number         0  rtexit2.o ABSOLUTE
    ../clib/angel/kernel.s                   0x00000000   Number         0  __rtentry.o ABSOLUTE
    ../clib/angel/kernel.s                   0x00000000   Number         0  __rtentry2.o ABSOLUTE
    ../clib/angel/kernel.s                   0x00000000   Number         0  __rtentry4.o ABSOLUTE
    ../clib/angel/rt.s                       0x00000000   Number         0  rt_raise.o ABSOLUTE
    ../clib/angel/scatter.s                  0x00000000   Number         0  __scatter.o ABSOLUTE
    ../clib/angel/startup.s                  0x00000000   Number         0  __main.o ABSOLUTE
    ../clib/angel/sys.s                      0x00000000   Number         0  use_no_semi.o ABSOLUTE
    ../clib/angel/sys.s                      0x00000000   Number         0  libspace.o ABSOLUTE
    ../clib/angel/sys.s                      0x00000000   Number         0  use_no_semi_2.o ABSOLUTE
    ../clib/angel/sys.s                      0x00000000   Number         0  indicate_semi.o ABSOLUTE
    ../clib/angel/sys.s                      0x00000000   Number         0  sys_stackheap_outer.o ABSOLUTE
    ../clib/angel/sysapp.c                   0x00000000   Number         0  sys_command.o ABSOLUTE
    ../clib/angel/sysapp.c                   0x00000000   Number         0  sys_wrch.o ABSOLUTE
    ../clib/armsys.c                         0x00000000   Number         0  no_argv.o ABSOLUTE
    ../clib/armsys.c                         0x00000000   Number         0  _get_argv_nomalloc.o ABSOLUTE
    ../clib/armsys.c                         0x00000000   Number         0  argv_veneer.o ABSOLUTE
    ../clib/armsys.c                         0x00000000   Number         0  argv_veneer.o ABSOLUTE
    ../clib/heapalloc.c                      0x00000000   Number         0  hrguard.o ABSOLUTE
    ../clib/heapaux.c                        0x00000000   Number         0  heapauxi.o ABSOLUTE
    ../clib/libinit.s                        0x00000000   Number         0  libinit.o ABSOLUTE
    ../clib/libinit.s                        0x00000000   Number         0  libinit2.o ABSOLUTE
    ../clib/libinit.s                        0x00000000   Number         0  libshutdown2.o ABSOLUTE
    ../clib/libinit.s                        0x00000000   Number         0  libshutdown.o ABSOLUTE
    ../clib/misc.s                           0x00000000   Number         0  printf_stubs.o ABSOLUTE
    ../clib/printf.c                         0x00000000   Number         0  _printf_hex_ptr.o ABSOLUTE
    ../clib/printf.c                         0x00000000   Number         0  _printf_hex_int_ll_ptr.o ABSOLUTE
    ../clib/printf.c                         0x00000000   Number         0  __printf_flags.o ABSOLUTE
    ../clib/printf.c                         0x00000000   Number         0  __printf_ss.o ABSOLUTE
    ../clib/printf.c                         0x00000000   Number         0  __2printf.o ABSOLUTE
    ../clib/printf.c                         0x00000000   Number         0  _printf_char_common.o ABSOLUTE
    ../clib/printf.c                         0x00000000   Number         0  noretval__2printf.o ABSOLUTE
    ../clib/printf.c                         0x00000000   Number         0  __printf.o ABSOLUTE
    ../clib/printf.c                         0x00000000   Number         0  _printf_pad.o ABSOLUTE
    ../clib/printf.c                         0x00000000   Number         0  __printf_flags_ss.o ABSOLUTE
    ../clib/printf.c                         0x00000000   Number         0  _printf_hex_ll.o ABSOLUTE
    ../clib/printf.c                         0x00000000   Number         0  _printf_hex_int.o ABSOLUTE
    ../clib/printf.c                         0x00000000   Number         0  __printf_flags_ss_wp.o ABSOLUTE
    ../clib/printf.c                         0x00000000   Number         0  __printf_ss_wp.o ABSOLUTE
    ../clib/printf.c                         0x00000000   Number         0  _printf_char_file.o ABSOLUTE
    ../clib/printf.c                         0x00000000   Number         0  __printf_flags_wp.o ABSOLUTE
    ../clib/printf.c                         0x00000000   Number         0  __printf_wp.o ABSOLUTE
    ../clib/printf.c                         0x00000000   Number         0  _printf_hex_int_ll.o ABSOLUTE
    ../clib/printf.c                         0x00000000   Number         0  _printf_intcommon.o ABSOLUTE
    ../clib/printf.c                         0x00000000   Number         0  _printf_hex_int_ptr.o ABSOLUTE
    ../clib/printf.c                         0x00000000   Number         0  __printf_nopercent.o ABSOLUTE
    ../clib/printf.c                         0x00000000   Number         0  _printf_hex_ll_ptr.o ABSOLUTE
    ../clib/printf_percent.s                 0x00000000   Number         0  _printf_x.o ABSOLUTE
    ../clib/printf_percent.s                 0x00000000   Number         0  _printf_percent.o ABSOLUTE
    ../clib/printf_percent.s                 0x00000000   Number         0  _printf_percent_end.o ABSOLUTE
    ../clib/signal.c                         0x00000000   Number         0  defsig_abrt_inner.o ABSOLUTE
    ../clib/signal.c                         0x00000000   Number         0  defsig_other.o ABSOLUTE
    ../clib/signal.c                         0x00000000   Number         0  defsig_cppl_inner.o ABSOLUTE
    ../clib/signal.c                         0x00000000   Number         0  defsig_fpe_inner.o ABSOLUTE
    ../clib/signal.c                         0x00000000   Number         0  defsig_general.o ABSOLUTE
    ../clib/signal.c                         0x00000000   Number         0  defsig_rtmem_formal.o ABSOLUTE
    ../clib/signal.c                         0x00000000   Number         0  defsig_rtmem_inner.o ABSOLUTE
    ../clib/signal.c                         0x00000000   Number         0  defsig_exit.o ABSOLUTE
    ../clib/signal.c                         0x00000000   Number         0  defsig_rtmem_outer.o ABSOLUTE
    ../clib/signal.c                         0x00000000   Number         0  defsig_segv_inner.o ABSOLUTE
    ../clib/signal.c                         0x00000000   Number         0  defsig_stak_inner.o ABSOLUTE
    ../clib/signal.c                         0x00000000   Number         0  defsig_pvfn_inner.o ABSOLUTE
    ../clib/signal.c                         0x00000000   Number         0  __raise.o ABSOLUTE
    ../clib/signal.c                         0x00000000   Number         0  defsig_rtred_inner.o ABSOLUTE
    ../clib/signal.s                         0x00000000   Number         0  defsig.o ABSOLUTE
    ../clib/stdio.c                          0x00000000   Number         0  ferror_locked.o ABSOLUTE
    ../clib/stdio.c                          0x00000000   Number         0  ferror.o ABSOLUTE
    ../clib/stdlib.c                         0x00000000   Number         0  exit.o ABSOLUTE
    ../fplib/fpinit.s                        0x00000000   Number         0  fpinit.o ABSOLUTE
    ..\..\..\..\Libraries\CMSIS\CM3\CoreSupport\core_cm3.c 0x00000000   Number         0  core_cm3.o ABSOLUTE
    ..\..\..\..\Libraries\CMSIS\CM3\DeviceSupport\ST\STM32F10x\startup\arm\startup_stm32f10x_hd.s 0x00000000   Number         0  startup_stm32f10x_hd.o ABSOLUTE
    ..\..\..\..\Libraries\STM32F10x_StdPeriph_Driver\src\misc.c 0x00000000   Number         0  misc.o ABSOLUTE
    ..\..\..\..\Libraries\STM32F10x_StdPeriph_Driver\src\stm32f10x_dma.c 0x00000000   Number         0  stm32f10x_dma.o ABSOLUTE
    ..\..\..\..\Libraries\STM32F10x_StdPeriph_Driver\src\stm32f10x_exti.c 0x00000000   Number         0  stm32f10x_exti.o ABSOLUTE
    ..\..\..\..\Libraries\STM32F10x_StdPeriph_Driver\src\stm32f10x_gpio.c 0x00000000   Number         0  stm32f10x_gpio.o ABSOLUTE
    ..\..\..\..\Libraries\STM32F10x_StdPeriph_Driver\src\stm32f10x_i2c.c 0x00000000   Number         0  stm32f10x_i2c.o ABSOLUTE
    ..\..\..\..\Libraries\STM32F10x_StdPeriph_Driver\src\stm32f10x_rcc.c 0x00000000   Number         0  stm32f10x_rcc.o ABSOLUTE
    ..\..\..\..\Libraries\STM32F10x_StdPeriph_Driver\src\stm32f10x_spi.c 0x00000000   Number         0  stm32f10x_spi.o ABSOLUTE
    ..\..\..\..\Libraries\STM32F10x_StdPeriph_Driver\src\stm32f10x_usart.c 0x00000000   Number         0  stm32f10x_usart.o ABSOLUTE
    ..\..\..\..\Utilities\STM32_EVAL\Common\stm32_eval_i2c_ee.c 0x00000000   Number         0  stm32_eval_i2c_ee.o ABSOLUTE
    ..\..\..\..\Utilities\STM32_EVAL\STM3210C_EVAL\stm3210c_eval.c 0x00000000   Number         0  stm3210c_eval.o ABSOLUTE
    ..\\..\\..\\..\\Libraries\\CMSIS\\CM3\\CoreSupport\\core_cm3.c 0x00000000   Number         0  core_cm3.o ABSOLUTE
    LogDebug.c                               0x00000000   Number         0  logdebug.o ABSOLUTE
    dc.s                                     0x00000000   Number         0  dc.o ABSOLUTE
    main.c                                   0x00000000   Number         0  main.o ABSOLUTE
    stm32f10x_it.c                           0x00000000   Number         0  stm32f10x_it.o ABSOLUTE
    system_stm32f10x.c                       0x00000000   Number         0  system_stm32f10x.o ABSOLUTE
    RESET                                    0x08000000   Section      304  startup_stm32f10x_hd.o(RESET)
    !!!main                                  0x08000130   Section        8  __main.o(!!!main)
    !!!scatter                               0x08000138   Section       52  __scatter.o(!!!scatter)
    !!handler_copy                           0x0800016c   Section       26  __scatter_copy.o(!!handler_copy)
    !!handler_zi                             0x08000188   Section       28  __scatter_zi.o(!!handler_zi)
    .ARM.Collect$$_printf_percent$$00000000  0x080001a4   Section        0  _printf_percent.o(.ARM.Collect$$_printf_percent$$00000000)
    .ARM.Collect$$_printf_percent$$0000000C  0x080001a4   Section        6  _printf_x.o(.ARM.Collect$$_printf_percent$$0000000C)
    .ARM.Collect$$_printf_percent$$00000017  0x080001aa   Section        4  _printf_percent_end.o(.ARM.Collect$$_printf_percent$$00000017)
    .ARM.Collect$$libinit$$00000000          0x080001ae   Section        2  libinit.o(.ARM.Collect$$libinit$$00000000)
    .ARM.Collect$$libinit$$00000002          0x080001b0   Section        0  libinit2.o(.ARM.Collect$$libinit$$00000002)
    .ARM.Collect$$libinit$$00000004          0x080001b0   Section        0  libinit2.o(.ARM.Collect$$libinit$$00000004)
    .ARM.Collect$$libinit$$0000000A          0x080001b0   Section        0  libinit2.o(.ARM.Collect$$libinit$$0000000A)
    .ARM.Collect$$libinit$$0000000C          0x080001b0   Section        0  libinit2.o(.ARM.Collect$$libinit$$0000000C)
    .ARM.Collect$$libinit$$0000000E          0x080001b0   Section        0  libinit2.o(.ARM.Collect$$libinit$$0000000E)
    .ARM.Collect$$libinit$$00000011          0x080001b0   Section        0  libinit2.o(.ARM.Collect$$libinit$$00000011)
    .ARM.Collect$$libinit$$00000013          0x080001b0   Section        0  libinit2.o(.ARM.Collect$$libinit$$00000013)
    .ARM.Collect$$libinit$$00000015          0x080001b0   Section        0  libinit2.o(.ARM.Collect$$libinit$$00000015)
    .ARM.Collect$$libinit$$00000017          0x080001b0   Section        0  libinit2.o(.ARM.Collect$$libinit$$00000017)
    .ARM.Collect$$libinit$$00000019          0x080001b0   Section        0  libinit2.o(.ARM.Collect$$libinit$$00000019)
    .ARM.Collect$$libinit$$0000001B          0x080001b0   Section        0  libinit2.o(.ARM.Collect$$libinit$$0000001B)
    .ARM.Collect$$libinit$$0000001D          0x080001b0   Section        0  libinit2.o(.ARM.Collect$$libinit$$0000001D)
    .ARM.Collect$$libinit$$0000001F          0x080001b0   Section        0  libinit2.o(.ARM.Collect$$libinit$$0000001F)
    .ARM.Collect$$libinit$$00000021          0x080001b0   Section        0  libinit2.o(.ARM.Collect$$libinit$$00000021)
    .ARM.Collect$$libinit$$00000023          0x080001b0   Section        0  libinit2.o(.ARM.Collect$$libinit$$00000023)
    .ARM.Collect$$libinit$$00000025          0x080001b0   Section        0  libinit2.o(.ARM.Collect$$libinit$$00000025)
    .ARM.Collect$$libinit$$0000002C          0x080001b0   Section        0  libinit2.o(.ARM.Collect$$libinit$$0000002C)
    .ARM.Collect$$libinit$$0000002E          0x080001b0   Section        0  libinit2.o(.ARM.Collect$$libinit$$0000002E)
    .ARM.Collect$$libinit$$00000030          0x080001b0   Section        0  libinit2.o(.ARM.Collect$$libinit$$00000030)
    .ARM.Collect$$libinit$$00000032          0x080001b0   Section        0  libinit2.o(.ARM.Collect$$libinit$$00000032)
    .ARM.Collect$$libinit$$00000033          0x080001b0   Section        2  libinit2.o(.ARM.Collect$$libinit$$00000033)
    .ARM.Collect$$libshutdown$$00000000      0x080001b2   Section        2  libshutdown.o(.ARM.Collect$$libshutdown$$00000000)
    .ARM.Collect$$libshutdown$$00000002      0x080001b4   Section        0  libshutdown2.o(.ARM.Collect$$libshutdown$$00000002)
    .ARM.Collect$$libshutdown$$00000004      0x080001b4   Section        0  libshutdown2.o(.ARM.Collect$$libshutdown$$00000004)
    .ARM.Collect$$libshutdown$$00000007      0x080001b4   Section        0  libshutdown2.o(.ARM.Collect$$libshutdown$$00000007)
    .ARM.Collect$$libshutdown$$0000000A      0x080001b4   Section        0  libshutdown2.o(.ARM.Collect$$libshutdown$$0000000A)
    .ARM.Collect$$libshutdown$$0000000C      0x080001b4   Section        0  libshutdown2.o(.ARM.Collect$$libshutdown$$0000000C)
    .ARM.Collect$$libshutdown$$0000000F      0x080001b4   Section        0  libshutdown2.o(.ARM.Collect$$libshutdown$$0000000F)
    .ARM.Collect$$libshutdown$$00000010      0x080001b4   Section        2  libshutdown2.o(.ARM.Collect$$libshutdown$$00000010)
    .ARM.Collect$$rtentry$$00000000          0x080001b6   Section        0  __rtentry.o(.ARM.Collect$$rtentry$$00000000)
    .ARM.Collect$$rtentry$$00000002          0x080001b6   Section        0  __rtentry2.o(.ARM.Collect$$rtentry$$00000002)
    .ARM.Collect$$rtentry$$00000004          0x080001b6   Section        6  __rtentry4.o(.ARM.Collect$$rtentry$$00000004)
    .ARM.Collect$$rtentry$$00000009          0x080001bc   Section        0  __rtentry2.o(.ARM.Collect$$rtentry$$00000009)
    .ARM.Collect$$rtentry$$0000000A          0x080001bc   Section        4  __rtentry2.o(.ARM.Collect$$rtentry$$0000000A)
    .ARM.Collect$$rtentry$$0000000C          0x080001c0   Section        0  __rtentry2.o(.ARM.Collect$$rtentry$$0000000C)
    .ARM.Collect$$rtentry$$0000000D          0x080001c0   Section        8  __rtentry2.o(.ARM.Collect$$rtentry$$0000000D)
    .ARM.Collect$$rtexit$$00000000           0x080001c8   Section        2  rtexit.o(.ARM.Collect$$rtexit$$00000000)
    .ARM.Collect$$rtexit$$00000002           0x080001ca   Section        0  rtexit2.o(.ARM.Collect$$rtexit$$00000002)
    .ARM.Collect$$rtexit$$00000003           0x080001ca   Section        4  rtexit2.o(.ARM.Collect$$rtexit$$00000003)
    .ARM.Collect$$rtexit$$00000004           0x080001ce   Section        6  rtexit2.o(.ARM.Collect$$rtexit$$00000004)
    .text                                    0x080001d4   Section       64  startup_stm32f10x_hd.o(.text)
    .text                                    0x08000214   Section        2  use_no_semi_2.o(.text)
    .text                                    0x08000218   Section        0  noretval__2printf.o(.text)
    .text                                    0x08000230   Section        0  _printf_pad.o(.text)
    .text                                    0x08000280   Section        0  _printf_hex_int.o(.text)
    .text                                    0x080002d8   Section        0  __printf_flags_wp.o(.text)
    .text                                    0x08000410   Section        0  heapauxi.o(.text)
    .text                                    0x08000416   Section        2  use_no_semi.o(.text)
    .text                                    0x08000418   Section        0  _printf_intcommon.o(.text)
    .text                                    0x080004cc   Section        0  _printf_char_file.o(.text)
    .text                                    0x080004f0   Section        0  _printf_char_common.o(.text)
    _printf_input_char                       0x080004f1   Thumb Code    10  _printf_char_common.o(.text)
    .text                                    0x08000520   Section        0  ferror.o(.text)
    .text                                    0x08000528   Section       74  sys_stackheap_outer.o(.text)
    .text                                    0x08000572   Section        0  exit.o(.text)
    .text                                    0x08000584   Section        8  libspace.o(.text)
    i.Buffercmp                              0x0800058c   Section        0  main.o(i.Buffercmp)
    i.BusFault_Handler                       0x080005b0   Section        0  stm32f10x_it.o(i.BusFault_Handler)
    i.DMA1_Channel6_IRQHandler               0x080005b4   Section        0  stm32_eval_i2c_ee.o(i.DMA1_Channel6_IRQHandler)
    i.DMA1_Channel7_IRQHandler               0x08000628   Section        0  stm32_eval_i2c_ee.o(i.DMA1_Channel7_IRQHandler)
    i.DMA_ClearFlag                          0x08000664   Section        0  stm32f10x_dma.o(i.DMA_ClearFlag)
    i.DMA_Cmd                                0x080006a4   Section        0  stm32f10x_dma.o(i.DMA_Cmd)
    i.DMA_DeInit                             0x08000748   Section        0  stm32f10x_dma.o(i.DMA_DeInit)
    i.DMA_GetFlagStatus                      0x08000904   Section        0  stm32f10x_dma.o(i.DMA_GetFlagStatus)
    i.DMA_ITConfig                           0x08000a8c   Section        0  stm32f10x_dma.o(i.DMA_ITConfig)
    i.DMA_Init                               0x08000b40   Section        0  stm32f10x_dma.o(i.DMA_Init)
    i.DebugMon_Handler                       0x08000cd0   Section        0  stm32f10x_it.o(i.DebugMon_Handler)
    i.DumpGpioRegs                           0x08000cd4   Section        0  main.o(i.DumpGpioRegs)
    i.DumpI2CRegs                            0x08000da0   Section        0  main.o(i.DumpI2CRegs)
    i.GPIO_Init                              0x08000ec8   Section        0  stm32f10x_gpio.o(i.GPIO_Init)
    i.HardFault_Handler                      0x08001064   Section        0  stm32f10x_it.o(i.HardFault_Handler)
    i.I2C_AcknowledgeConfig                  0x08001068   Section        0  stm32f10x_i2c.o(i.I2C_AcknowledgeConfig)
    i.I2C_CheckEvent                         0x080010bc   Section        0  stm32f10x_i2c.o(i.I2C_CheckEvent)
    i.I2C_ClearFlag                          0x080011c8   Section        0  stm32f10x_i2c.o(i.I2C_ClearFlag)
    i.I2C_Cmd                                0x08001214   Section        0  stm32f10x_i2c.o(i.I2C_Cmd)
    i.I2C_DMACmd                             0x08001268   Section        0  stm32f10x_i2c.o(i.I2C_DMACmd)
    i.I2C_DMALastTransferCmd                 0x080012bc   Section        0  stm32f10x_i2c.o(i.I2C_DMALastTransferCmd)
    i.I2C_DeInit                             0x08001310   Section        0  stm32f10x_i2c.o(i.I2C_DeInit)
    i.I2C_GenerateSTART                      0x08001364   Section        0  stm32f10x_i2c.o(i.I2C_GenerateSTART)
    i.I2C_GenerateSTOP                       0x080013b8   Section        0  stm32f10x_i2c.o(i.I2C_GenerateSTOP)
    i.I2C_GetFlagStatus                      0x0800140c   Section        0  stm32f10x_i2c.o(i.I2C_GetFlagStatus)
    i.I2C_Init                               0x08001518   Section        0  stm32f10x_i2c.o(i.I2C_Init)
    i.I2C_ReceiveData                        0x080016b8   Section        0  stm32f10x_i2c.o(i.I2C_ReceiveData)
    i.I2C_Send7bitAddress                    0x080016e8   Section        0  stm32f10x_i2c.o(i.I2C_Send7bitAddress)
    i.I2C_SendData                           0x08001738   Section        0  stm32f10x_i2c.o(i.I2C_SendData)
    i.LogDebugInit                           0x08001768   Section        0  logdebug.o(i.LogDebugInit)
    i.MainDelay                              0x080017f0   Section        0  main.o(i.MainDelay)
    i.MemManage_Handler                      0x0800180e   Section        0  stm32f10x_it.o(i.MemManage_Handler)
    i.NMI_Handler                            0x08001812   Section        0  stm32f10x_it.o(i.NMI_Handler)
    i.NVIC_Init                              0x08001814   Section        0  misc.o(i.NVIC_Init)
    i.PendSV_Handler                         0x080018fc   Section        0  stm32f10x_it.o(i.PendSV_Handler)
    i.RCC_AHBPeriphClockCmd                  0x08001900   Section        0  stm32f10x_rcc.o(i.RCC_AHBPeriphClockCmd)
    i.RCC_APB1PeriphClockCmd                 0x08001954   Section        0  stm32f10x_rcc.o(i.RCC_APB1PeriphClockCmd)
    i.RCC_APB1PeriphResetCmd                 0x080019a8   Section        0  stm32f10x_rcc.o(i.RCC_APB1PeriphResetCmd)
    i.RCC_APB2PeriphClockCmd                 0x080019fc   Section        0  stm32f10x_rcc.o(i.RCC_APB2PeriphClockCmd)
    i.RCC_GetClocksFreq                      0x08001a50   Section        0  stm32f10x_rcc.o(i.RCC_GetClocksFreq)
    i.SVC_Handler                            0x08001b24   Section        0  stm32f10x_it.o(i.SVC_Handler)
    i.SetSysClock                            0x08001b26   Section        0  system_stm32f10x.o(i.SetSysClock)
    SetSysClock                              0x08001b27   Thumb Code     8  system_stm32f10x.o(i.SetSysClock)
    i.SetSysClockTo72                        0x08001b30   Section        0  system_stm32f10x.o(i.SetSysClockTo72)
    SetSysClockTo72                          0x08001b31   Thumb Code   214  system_stm32f10x.o(i.SetSysClockTo72)
    i.SysTick_Handler                        0x08001c10   Section        0  stm32f10x_it.o(i.SysTick_Handler)
    i.SystemInit                             0x08001c14   Section        0  system_stm32f10x.o(i.SystemInit)
    i.USART_Cmd                              0x08001c74   Section        0  stm32f10x_usart.o(i.USART_Cmd)
    i.USART_Init                             0x08001ce8   Section        0  stm32f10x_usart.o(i.USART_Init)
    i.UsageFault_Handler                     0x08001ec8   Section        0  stm32f10x_it.o(i.UsageFault_Handler)
    i._is_digit                              0x08001ecc   Section        0  __printf_wp.o(i._is_digit)
    i._sys_exit                              0x08001eda   Section        0  logdebug.o(i._sys_exit)
    i.assert_failed                          0x08001ee0   Section        0  main.o(i.assert_failed)
    i.fputc                                  0x08001ee4   Section        0  logdebug.o(i.fputc)
    i.main                                   0x08001f00   Section        0  main.o(i.main)
    i.sEE_DeInit                             0x080020d8   Section        0  stm32_eval_i2c_ee.o(i.sEE_DeInit)
    i.sEE_EnterCriticalSection_UserCallback  0x080020e0   Section        0  stm32_eval_i2c_ee.o(i.sEE_EnterCriticalSection_UserCallback)
    i.sEE_ExitCriticalSection_UserCallback   0x080020e4   Section        0  stm32_eval_i2c_ee.o(i.sEE_ExitCriticalSection_UserCallback)
    i.sEE_Init                               0x080020e8   Section        0  stm32_eval_i2c_ee.o(i.sEE_Init)
    i.sEE_LowLevel_DMAConfig                 0x08002140   Section        0  stm3210c_eval.o(i.sEE_LowLevel_DMAConfig)
    i.sEE_LowLevel_DeInit                    0x08002180   Section        0  stm3210c_eval.o(i.sEE_LowLevel_DeInit)
    i.sEE_LowLevel_Init                      0x0800221c   Section        0  stm3210c_eval.o(i.sEE_LowLevel_Init)
    i.sEE_ReadBuffer                         0x08002304   Section        0  stm32_eval_i2c_ee.o(i.sEE_ReadBuffer)
    i.sEE_TIMEOUT_UserCallback               0x0800256c   Section        0  main.o(i.sEE_TIMEOUT_UserCallback)
    i.sEE_WaitEepromStandbyState             0x08002590   Section        0  stm32_eval_i2c_ee.o(i.sEE_WaitEepromStandbyState)
    i.sEE_WriteBuffer                        0x08002680   Section        0  stm32_eval_i2c_ee.o(i.sEE_WriteBuffer)
    i.sEE_WritePage                          0x08002944   Section        0  stm32_eval_i2c_ee.o(i.sEE_WritePage)
    .constdata                               0x08002a4c   Section       40  _printf_hex_int.o(.constdata)
    uc_hextab                                0x08002a4c   Data          20  _printf_hex_int.o(.constdata)
    lc_hextab                                0x08002a60   Data          20  _printf_hex_int.o(.constdata)
    .constdata                               0x08002a74   Section       17  __printf_flags_wp.o(.constdata)
    maptable                                 0x08002a74   Data          17  __printf_flags_wp.o(.constdata)
    .conststring                             0x08002a88   Section       69  stm32f10x_rcc.o(.conststring)
    .conststring                             0x08002ad0   Section       69  stm32f10x_i2c.o(.conststring)
    .conststring                             0x08002b18   Section       70  stm32f10x_gpio.o(.conststring)
    .conststring                             0x08002b60   Section       69  stm32f10x_dma.o(.conststring)
    .conststring                             0x08002ba8   Section       71  stm32f10x_usart.o(.conststring)
    .data                                    0x20000000   Section      157  main.o(.data)
    .data                                    0x200000a0   Section        4  logdebug.o(.data)
    .data                                    0x200000a4   Section       20  stm32f10x_rcc.o(.data)
    APBAHBPrescTable                         0x200000a4   Data          16  stm32f10x_rcc.o(.data)
    ADCPrescTable                            0x200000b4   Data           4  stm32f10x_rcc.o(.data)
    .data                                    0x200000b8   Section       17  stm32_eval_i2c_ee.o(.data)
    .bss                                     0x200000cc   Section      661  main.o(.bss)
    .bss                                     0x20000364   Section       44  stm3210c_eval.o(.bss)
    .bss                                     0x20000390   Section       96  libspace.o(.bss)
    HEAP                                     0x200003f0   Section      512  startup_stm32f10x_hd.o(HEAP)
    Heap_Mem                                 0x200003f0   Data         512  startup_stm32f10x_hd.o(HEAP)
    STACK                                    0x200005f0   Section     1024  startup_stm32f10x_hd.o(STACK)
    Stack_Mem                                0x200005f0   Data        1024  startup_stm32f10x_hd.o(STACK)
    __initial_sp                             0x200009f0   Data           0  startup_stm32f10x_hd.o(STACK)

    Global Symbols

    Symbol Name                              Value     Ov Type        Size  Object(Section)

    BuildAttributes$$THM_ISAv4$P$D$K$B$S$PE$A:L22UL41UL21$X:L11$S22US41US21$IEEE1$IW$USESV6$~STKCKD$USESV7$~SHL$OSPACE$ROPI$EBA8$UX$STANDARDLIB$REQ8$PRES8$EABIv2 0x00000000   Number         0  anon$$obj.o ABSOLUTE
    __ARM_use_no_argv                        0x00000000   Number         0  main.o ABSOLUTE
    _printf_flags                            0x00000000   Number         0  printf_stubs.o ABSOLUTE
    _printf_return_value                     0x00000000   Number         0  printf_stubs.o ABSOLUTE
    _printf_sizespec                         0x00000000   Number         0  printf_stubs.o ABSOLUTE
    _printf_widthprec                        0x00000000   Number         0  printf_stubs.o ABSOLUTE
    __ARM_exceptions_init                     - Undefined Weak Reference
    __alloca_initialize                       - Undefined Weak Reference
    __arm_preinit_                            - Undefined Weak Reference
    __cpp_initialize__aeabi_                  - Undefined Weak Reference
    __cxa_finalize                            - Undefined Weak Reference
    __rt_locale                               - Undefined Weak Reference
    __sigvec_lookup                           - Undefined Weak Reference
    _atexit_init                              - Undefined Weak Reference
    _call_atexit_fns                          - Undefined Weak Reference
    _clock_init                               - Undefined Weak Reference
    _fp_trap_init                             - Undefined Weak Reference
    _fp_trap_shutdown                         - Undefined Weak Reference
    _get_lc_collate                           - Undefined Weak Reference
    _get_lc_ctype                             - Undefined Weak Reference
    _get_lc_monetary                          - Undefined Weak Reference
    _get_lc_numeric                           - Undefined Weak Reference
    _get_lc_time                              - Undefined Weak Reference
    _getenv_init                              - Undefined Weak Reference
    _handle_redirection                       - Undefined Weak Reference
    _init_alloc                               - Undefined Weak Reference
    _init_user_alloc                          - Undefined Weak Reference
    _initio                                   - Undefined Weak Reference
    _mutex_acquire                            - Undefined Weak Reference
    _mutex_release                            - Undefined Weak Reference
    _printf_truncate_unsigned                 - Undefined Weak Reference
    _rand_init                                - Undefined Weak Reference
    _signal_finish                            - Undefined Weak Reference
    _signal_init                              - Undefined Weak Reference
    _terminate_alloc                          - Undefined Weak Reference
    _terminate_user_alloc                     - Undefined Weak Reference
    _terminateio                              - Undefined Weak Reference
    __Vectors_Size                           0x00000130   Number         0  startup_stm32f10x_hd.o ABSOLUTE
    __Vectors                                0x08000000   Data           4  startup_stm32f10x_hd.o(RESET)
    __Vectors_End                            0x08000130   Data           0  startup_stm32f10x_hd.o(RESET)
    __main                                   0x08000131   Thumb Code     8  __main.o(!!!main)
    __scatterload                            0x08000139   Thumb Code     0  __scatter.o(!!!scatter)
    __scatterload_rt2                        0x08000139   Thumb Code    44  __scatter.o(!!!scatter)
    __scatterload_rt2_thumb_only             0x08000139   Thumb Code     0  __scatter.o(!!!scatter)
    __scatterload_null                       0x08000147   Thumb Code     0  __scatter.o(!!!scatter)
    __scatterload_copy                       0x0800016d   Thumb Code    26  __scatter_copy.o(!!handler_copy)
    __scatterload_zeroinit                   0x08000189   Thumb Code    28  __scatter_zi.o(!!handler_zi)
    _printf_percent                          0x080001a5   Thumb Code     0  _printf_percent.o(.ARM.Collect$$_printf_percent$$00000000)
    _printf_x                                0x080001a5   Thumb Code     0  _printf_x.o(.ARM.Collect$$_printf_percent$$0000000C)
    _printf_percent_end                      0x080001ab   Thumb Code     0  _printf_percent_end.o(.ARM.Collect$$_printf_percent$$00000017)
    __rt_lib_init                            0x080001af   Thumb Code     0  libinit.o(.ARM.Collect$$libinit$$00000000)
    __rt_lib_init_alloca_1                   0x080001b1   Thumb Code     0  libinit2.o(.ARM.Collect$$libinit$$0000002E)
    __rt_lib_init_argv_1                     0x080001b1   Thumb Code     0  libinit2.o(.ARM.Collect$$libinit$$0000002C)
    __rt_lib_init_atexit_1                   0x080001b1   Thumb Code     0  libinit2.o(.ARM.Collect$$libinit$$0000001B)
    __rt_lib_init_clock_1                    0x080001b1   Thumb Code     0  libinit2.o(.ARM.Collect$$libinit$$00000021)
    __rt_lib_init_cpp_1                      0x080001b1   Thumb Code     0  libinit2.o(.ARM.Collect$$libinit$$00000032)
    __rt_lib_init_exceptions_1               0x080001b1   Thumb Code     0  libinit2.o(.ARM.Collect$$libinit$$00000030)
    __rt_lib_init_fp_1                       0x080001b1   Thumb Code     0  libinit2.o(.ARM.Collect$$libinit$$00000002)
    __rt_lib_init_fp_trap_1                  0x080001b1   Thumb Code     0  libinit2.o(.ARM.Collect$$libinit$$0000001F)
    __rt_lib_init_getenv_1                   0x080001b1   Thumb Code     0  libinit2.o(.ARM.Collect$$libinit$$00000023)
    __rt_lib_init_heap_1                     0x080001b1   Thumb Code     0  libinit2.o(.ARM.Collect$$libinit$$0000000A)
    __rt_lib_init_lc_collate_1               0x080001b1   Thumb Code     0  libinit2.o(.ARM.Collect$$libinit$$00000011)
    __rt_lib_init_lc_ctype_1                 0x080001b1   Thumb Code     0  libinit2.o(.ARM.Collect$$libinit$$00000013)
    __rt_lib_init_lc_monetary_1              0x080001b1   Thumb Code     0  libinit2.o(.ARM.Collect$$libinit$$00000015)
    __rt_lib_init_lc_numeric_1               0x080001b1   Thumb Code     0  libinit2.o(.ARM.Collect$$libinit$$00000017)
    __rt_lib_init_lc_time_1                  0x080001b1   Thumb Code     0  libinit2.o(.ARM.Collect$$libinit$$00000019)
    __rt_lib_init_preinit_1                  0x080001b1   Thumb Code     0  libinit2.o(.ARM.Collect$$libinit$$00000004)
    __rt_lib_init_rand_1                     0x080001b1   Thumb Code     0  libinit2.o(.ARM.Collect$$libinit$$0000000E)
    __rt_lib_init_return                     0x080001b1   Thumb Code     0  libinit2.o(.ARM.Collect$$libinit$$00000033)
    __rt_lib_init_signal_1                   0x080001b1   Thumb Code     0  libinit2.o(.ARM.Collect$$libinit$$0000001D)
    __rt_lib_init_stdio_1                    0x080001b1   Thumb Code     0  libinit2.o(.ARM.Collect$$libinit$$00000025)
    __rt_lib_init_user_alloc_1               0x080001b1   Thumb Code     0  libinit2.o(.ARM.Collect$$libinit$$0000000C)
    __rt_lib_shutdown                        0x080001b3   Thumb Code     0  libshutdown.o(.ARM.Collect$$libshutdown$$00000000)
    __rt_lib_shutdown_cpp_1                  0x080001b5   Thumb Code     0  libshutdown2.o(.ARM.Collect$$libshutdown$$00000002)
    __rt_lib_shutdown_fp_trap_1              0x080001b5   Thumb Code     0  libshutdown2.o(.ARM.Collect$$libshutdown$$00000007)
    __rt_lib_shutdown_heap_1                 0x080001b5   Thumb Code     0  libshutdown2.o(.ARM.Collect$$libshutdown$$0000000F)
    __rt_lib_shutdown_return                 0x080001b5   Thumb Code     0  libshutdown2.o(.ARM.Collect$$libshutdown$$00000010)
    __rt_lib_shutdown_signal_1               0x080001b5   Thumb Code     0  libshutdown2.o(.ARM.Collect$$libshutdown$$0000000A)
    __rt_lib_shutdown_stdio_1                0x080001b5   Thumb Code     0  libshutdown2.o(.ARM.Collect$$libshutdown$$00000004)
    __rt_lib_shutdown_user_alloc_1           0x080001b5   Thumb Code     0  libshutdown2.o(.ARM.Collect$$libshutdown$$0000000C)
    __rt_entry                               0x080001b7   Thumb Code     0  __rtentry.o(.ARM.Collect$$rtentry$$00000000)
    __rt_entry_presh_1                       0x080001b7   Thumb Code     0  __rtentry2.o(.ARM.Collect$$rtentry$$00000002)
    __rt_entry_sh                            0x080001b7   Thumb Code     0  __rtentry4.o(.ARM.Collect$$rtentry$$00000004)
    __rt_entry_li                            0x080001bd   Thumb Code     0  __rtentry2.o(.ARM.Collect$$rtentry$$0000000A)
    __rt_entry_postsh_1                      0x080001bd   Thumb Code     0  __rtentry2.o(.ARM.Collect$$rtentry$$00000009)
    __rt_entry_main                          0x080001c1   Thumb Code     0  __rtentry2.o(.ARM.Collect$$rtentry$$0000000D)
    __rt_entry_postli_1                      0x080001c1   Thumb Code     0  __rtentry2.o(.ARM.Collect$$rtentry$$0000000C)
    __rt_exit                                0x080001c9   Thumb Code     0  rtexit.o(.ARM.Collect$$rtexit$$00000000)
    __rt_exit_ls                             0x080001cb   Thumb Code     0  rtexit2.o(.ARM.Collect$$rtexit$$00000003)
    __rt_exit_prels_1                        0x080001cb   Thumb Code     0  rtexit2.o(.ARM.Collect$$rtexit$$00000002)
    __rt_exit_exit                           0x080001cf   Thumb Code     0  rtexit2.o(.ARM.Collect$$rtexit$$00000004)
    Reset_Handler                            0x080001d5   Thumb Code     8  startup_stm32f10x_hd.o(.text)
    ADC1_2_IRQHandler                        0x080001ef   Thumb Code     0  startup_stm32f10x_hd.o(.text)
    ADC3_IRQHandler                          0x080001ef   Thumb Code     0  startup_stm32f10x_hd.o(.text)
    CAN1_RX1_IRQHandler                      0x080001ef   Thumb Code     0  startup_stm32f10x_hd.o(.text)
    CAN1_SCE_IRQHandler                      0x080001ef   Thumb Code     0  startup_stm32f10x_hd.o(.text)
    DMA1_Channel1_IRQHandler                 0x080001ef   Thumb Code     0  startup_stm32f10x_hd.o(.text)
    DMA1_Channel2_IRQHandler                 0x080001ef   Thumb Code     0  startup_stm32f10x_hd.o(.text)
    DMA1_Channel3_IRQHandler                 0x080001ef   Thumb Code     0  startup_stm32f10x_hd.o(.text)
    DMA1_Channel4_IRQHandler                 0x080001ef   Thumb Code     0  startup_stm32f10x_hd.o(.text)
    DMA1_Channel5_IRQHandler                 0x080001ef   Thumb Code     0  startup_stm32f10x_hd.o(.text)
    DMA2_Channel1_IRQHandler                 0x080001ef   Thumb Code     0  startup_stm32f10x_hd.o(.text)
    DMA2_Channel2_IRQHandler                 0x080001ef   Thumb Code     0  startup_stm32f10x_hd.o(.text)
    DMA2_Channel3_IRQHandler                 0x080001ef   Thumb Code     0  startup_stm32f10x_hd.o(.text)
    DMA2_Channel4_5_IRQHandler               0x080001ef   Thumb Code     0  startup_stm32f10x_hd.o(.text)
    EXTI0_IRQHandler                         0x080001ef   Thumb Code     0  startup_stm32f10x_hd.o(.text)
    EXTI15_10_IRQHandler                     0x080001ef   Thumb Code     0  startup_stm32f10x_hd.o(.text)
    EXTI1_IRQHandler                         0x080001ef   Thumb Code     0  startup_stm32f10x_hd.o(.text)
    EXTI2_IRQHandler                         0x080001ef   Thumb Code     0  startup_stm32f10x_hd.o(.text)
    EXTI3_IRQHandler                         0x080001ef   Thumb Code     0  startup_stm32f10x_hd.o(.text)
    EXTI4_IRQHandler                         0x080001ef   Thumb Code     0  startup_stm32f10x_hd.o(.text)
    EXTI9_5_IRQHandler                       0x080001ef   Thumb Code     0  startup_stm32f10x_hd.o(.text)
    FLASH_IRQHandler                         0x080001ef   Thumb Code     0  startup_stm32f10x_hd.o(.text)
    FSMC_IRQHandler                          0x080001ef   Thumb Code     0  startup_stm32f10x_hd.o(.text)
    I2C1_ER_IRQHandler                       0x080001ef   Thumb Code     0  startup_stm32f10x_hd.o(.text)
    I2C1_EV_IRQHandler                       0x080001ef   Thumb Code     0  startup_stm32f10x_hd.o(.text)
    I2C2_ER_IRQHandler                       0x080001ef   Thumb Code     0  startup_stm32f10x_hd.o(.text)
    I2C2_EV_IRQHandler                       0x080001ef   Thumb Code     0  startup_stm32f10x_hd.o(.text)
    PVD_IRQHandler                           0x080001ef   Thumb Code     0  startup_stm32f10x_hd.o(.text)
    RCC_IRQHandler                           0x080001ef   Thumb Code     0  startup_stm32f10x_hd.o(.text)
    RTCAlarm_IRQHandler                      0x080001ef   Thumb Code     0  startup_stm32f10x_hd.o(.text)
    RTC_IRQHandler                           0x080001ef   Thumb Code     0  startup_stm32f10x_hd.o(.text)
    SDIO_IRQHandler                          0x080001ef   Thumb Code     0  startup_stm32f10x_hd.o(.text)
    SPI1_IRQHandler                          0x080001ef   Thumb Code     0  startup_stm32f10x_hd.o(.text)
    SPI2_IRQHandler                          0x080001ef   Thumb Code     0  startup_stm32f10x_hd.o(.text)
    SPI3_IRQHandler                          0x080001ef   Thumb Code     0  startup_stm32f10x_hd.o(.text)
    TAMPER_IRQHandler                        0x080001ef   Thumb Code     0  startup_stm32f10x_hd.o(.text)
    TIM1_BRK_IRQHandler                      0x080001ef   Thumb Code     0  startup_stm32f10x_hd.o(.text)
    TIM1_CC_IRQHandler                       0x080001ef   Thumb Code     0  startup_stm32f10x_hd.o(.text)
    TIM1_TRG_COM_IRQHandler                  0x080001ef   Thumb Code     0  startup_stm32f10x_hd.o(.text)
    TIM1_UP_IRQHandler                       0x080001ef   Thumb Code     0  startup_stm32f10x_hd.o(.text)
    TIM2_IRQHandler                          0x080001ef   Thumb Code     0  startup_stm32f10x_hd.o(.text)
    TIM3_IRQHandler                          0x080001ef   Thumb Code     0  startup_stm32f10x_hd.o(.text)
    TIM4_IRQHandler                          0x080001ef   Thumb Code     0  startup_stm32f10x_hd.o(.text)
    TIM5_IRQHandler                          0x080001ef   Thumb Code     0  startup_stm32f10x_hd.o(.text)
    TIM6_IRQHandler                          0x080001ef   Thumb Code     0  startup_stm32f10x_hd.o(.text)
    TIM7_IRQHandler                          0x080001ef   Thumb Code     0  startup_stm32f10x_hd.o(.text)
    TIM8_BRK_IRQHandler                      0x080001ef   Thumb Code     0  startup_stm32f10x_hd.o(.text)
    TIM8_CC_IRQHandler                       0x080001ef   Thumb Code     0  startup_stm32f10x_hd.o(.text)
    TIM8_TRG_COM_IRQHandler                  0x080001ef   Thumb Code     0  startup_stm32f10x_hd.o(.text)
    TIM8_UP_IRQHandler                       0x080001ef   Thumb Code     0  startup_stm32f10x_hd.o(.text)
    UART4_IRQHandler                         0x080001ef   Thumb Code     0  startup_stm32f10x_hd.o(.text)
    UART5_IRQHandler                         0x080001ef   Thumb Code     0  startup_stm32f10x_hd.o(.text)
    USART1_IRQHandler                        0x080001ef   Thumb Code     0  startup_stm32f10x_hd.o(.text)
    USART2_IRQHandler                        0x080001ef   Thumb Code     0  startup_stm32f10x_hd.o(.text)
    USART3_IRQHandler                        0x080001ef   Thumb Code     0  startup_stm32f10x_hd.o(.text)
    USBWakeUp_IRQHandler                     0x080001ef   Thumb Code     0  startup_stm32f10x_hd.o(.text)
    USB_HP_CAN1_TX_IRQHandler                0x080001ef   Thumb Code     0  startup_stm32f10x_hd.o(.text)
    USB_LP_CAN1_RX0_IRQHandler               0x080001ef   Thumb Code     0  startup_stm32f10x_hd.o(.text)
    WWDG_IRQHandler                          0x080001ef   Thumb Code     0  startup_stm32f10x_hd.o(.text)
    __user_initial_stackheap                 0x080001f1   Thumb Code     0  startup_stm32f10x_hd.o(.text)
    __use_no_semihosting                     0x08000215   Thumb Code     2  use_no_semi_2.o(.text)
    __2printf                                0x08000219   Thumb Code    20  noretval__2printf.o(.text)
    _printf_pre_padding                      0x08000231   Thumb Code    44  _printf_pad.o(.text)
    _printf_post_padding                     0x0800025d   Thumb Code    34  _printf_pad.o(.text)
    _printf_int_hex                          0x08000281   Thumb Code    84  _printf_hex_int.o(.text)
    _printf_longlong_hex                     0x08000281   Thumb Code     0  _printf_hex_int.o(.text)
    __printf                                 0x080002d9   Thumb Code   308  __printf_flags_wp.o(.text)
    __use_two_region_memory                  0x08000411   Thumb Code     2  heapauxi.o(.text)
    __rt_heap_escrow$2region                 0x08000413   Thumb Code     2  heapauxi.o(.text)
    __rt_heap_expand$2region                 0x08000415   Thumb Code     2  heapauxi.o(.text)
    __I$use$semihosting                      0x08000417   Thumb Code     0  use_no_semi.o(.text)
    __use_no_semihosting_swi                 0x08000417   Thumb Code     2  use_no_semi.o(.text)
    _printf_int_common                       0x08000419   Thumb Code   178  _printf_intcommon.o(.text)
    _printf_char_file                        0x080004cd   Thumb Code    32  _printf_char_file.o(.text)
    _printf_char_common                      0x080004fb   Thumb Code    32  _printf_char_common.o(.text)
    ferror                                   0x08000521   Thumb Code     8  ferror.o(.text)
    __user_setup_stackheap                   0x08000529   Thumb Code    74  sys_stackheap_outer.o(.text)
    exit                                     0x08000573   Thumb Code    18  exit.o(.text)
    __user_libspace                          0x08000585   Thumb Code     8  libspace.o(.text)
    __user_perproc_libspace                  0x08000585   Thumb Code     0  libspace.o(.text)
    __user_perthread_libspace                0x08000585   Thumb Code     0  libspace.o(.text)
    Buffercmp                                0x0800058d   Thumb Code    36  main.o(i.Buffercmp)
    BusFault_Handler                         0x080005b1   Thumb Code     4  stm32f10x_it.o(i.BusFault_Handler)
    DMA1_Channel6_IRQHandler                 0x080005b5   Thumb Code    96  stm32_eval_i2c_ee.o(i.DMA1_Channel6_IRQHandler)
    DMA1_Channel7_IRQHandler                 0x08000629   Thumb Code    46  stm32_eval_i2c_ee.o(i.DMA1_Channel7_IRQHandler)
    DMA_ClearFlag                            0x08000665   Thumb Code    48  stm32f10x_dma.o(i.DMA_ClearFlag)
    DMA_Cmd                                  0x080006a5   Thumb Code   152  stm32f10x_dma.o(i.DMA_Cmd)
    DMA_DeInit                               0x08000749   Thumb Code   430  stm32f10x_dma.o(i.DMA_DeInit)
    DMA_GetFlagStatus                        0x08000905   Thumb Code   340  stm32f10x_dma.o(i.DMA_GetFlagStatus)
    DMA_ITConfig                             0x08000a8d   Thumb Code   168  stm32f10x_dma.o(i.DMA_ITConfig)
    DMA_Init                                 0x08000b41   Thumb Code   388  stm32f10x_dma.o(i.DMA_Init)
    DebugMon_Handler                         0x08000cd1   Thumb Code     2  stm32f10x_it.o(i.DebugMon_Handler)
    DumpGpioRegs                             0x08000cd5   Thumb Code    62  main.o(i.DumpGpioRegs)
    DumpI2CRegs                              0x08000da1   Thumb Code   110  main.o(i.DumpI2CRegs)
    GPIO_Init                                0x08000ec9   Thumb Code   378  stm32f10x_gpio.o(i.GPIO_Init)
    HardFault_Handler                        0x08001065   Thumb Code     4  stm32f10x_it.o(i.HardFault_Handler)
    I2C_AcknowledgeConfig                    0x08001069   Thumb Code    72  stm32f10x_i2c.o(i.I2C_AcknowledgeConfig)
    I2C_CheckEvent                           0x080010bd   Thumb Code   222  stm32f10x_i2c.o(i.I2C_CheckEvent)
    I2C_ClearFlag                            0x080011c9   Thumb Code    64  stm32f10x_i2c.o(i.I2C_ClearFlag)
    I2C_Cmd                                  0x08001215   Thumb Code    72  stm32f10x_i2c.o(i.I2C_Cmd)
    I2C_DMACmd                               0x08001269   Thumb Code    72  stm32f10x_i2c.o(i.I2C_DMACmd)
    I2C_DMALastTransferCmd                   0x080012bd   Thumb Code    72  stm32f10x_i2c.o(i.I2C_DMALastTransferCmd)
    I2C_DeInit                               0x08001311   Thumb Code    72  stm32f10x_i2c.o(i.I2C_DeInit)
    I2C_GenerateSTART                        0x08001365   Thumb Code    72  stm32f10x_i2c.o(i.I2C_GenerateSTART)
    I2C_GenerateSTOP                         0x080013b9   Thumb Code    72  stm32f10x_i2c.o(i.I2C_GenerateSTOP)
    I2C_GetFlagStatus                        0x0800140d   Thumb Code   232  stm32f10x_i2c.o(i.I2C_GetFlagStatus)
    I2C_Init                                 0x08001519   Thumb Code   386  stm32f10x_i2c.o(i.I2C_Init)
    I2C_ReceiveData                          0x080016b9   Thumb Code    34  stm32f10x_i2c.o(i.I2C_ReceiveData)
    I2C_Send7bitAddress                      0x080016e9   Thumb Code    68  stm32f10x_i2c.o(i.I2C_Send7bitAddress)
    I2C_SendData                             0x08001739   Thumb Code    34  stm32f10x_i2c.o(i.I2C_SendData)
    LogDebugInit                             0x08001769   Thumb Code   126  logdebug.o(i.LogDebugInit)
    MainDelay                                0x080017f1   Thumb Code    30  main.o(i.MainDelay)
    MemManage_Handler                        0x0800180f   Thumb Code     4  stm32f10x_it.o(i.MemManage_Handler)
    NMI_Handler                              0x08001813   Thumb Code     2  stm32f10x_it.o(i.NMI_Handler)
    NVIC_Init                                0x08001815   Thumb Code   158  misc.o(i.NVIC_Init)
    PendSV_Handler                           0x080018fd   Thumb Code     2  stm32f10x_it.o(i.PendSV_Handler)
    RCC_AHBPeriphClockCmd                    0x08001901   Thumb Code    74  stm32f10x_rcc.o(i.RCC_AHBPeriphClockCmd)
    RCC_APB1PeriphClockCmd                   0x08001955   Thumb Code    70  stm32f10x_rcc.o(i.RCC_APB1PeriphClockCmd)
    RCC_APB1PeriphResetCmd                   0x080019a9   Thumb Code    70  stm32f10x_rcc.o(i.RCC_APB1PeriphResetCmd)
    RCC_APB2PeriphClockCmd                   0x080019fd   Thumb Code    70  stm32f10x_rcc.o(i.RCC_APB2PeriphClockCmd)
    RCC_GetClocksFreq                        0x08001a51   Thumb Code   192  stm32f10x_rcc.o(i.RCC_GetClocksFreq)
    SVC_Handler                              0x08001b25   Thumb Code     2  stm32f10x_it.o(i.SVC_Handler)
    SysTick_Handler                          0x08001c11   Thumb Code     2  stm32f10x_it.o(i.SysTick_Handler)
    SystemInit                               0x08001c15   Thumb Code    78  system_stm32f10x.o(i.SystemInit)
    USART_Cmd                                0x08001c75   Thumb Code    90  stm32f10x_usart.o(i.USART_Cmd)
    USART_Init                               0x08001ce9   Thumb Code   450  stm32f10x_usart.o(i.USART_Init)
    UsageFault_Handler                       0x08001ec9   Thumb Code     4  stm32f10x_it.o(i.UsageFault_Handler)
    _is_digit                                0x08001ecd   Thumb Code    14  __printf_wp.o(i._is_digit)
    _sys_exit                                0x08001edb   Thumb Code     6  logdebug.o(i._sys_exit)
    assert_failed                            0x08001ee1   Thumb Code     4  main.o(i.assert_failed)
    fputc                                    0x08001ee5   Thumb Code    24  logdebug.o(i.fputc)
    main                                     0x08001f01   Thumb Code   260  main.o(i.main)
    sEE_DeInit                               0x080020d9   Thumb Code     8  stm32_eval_i2c_ee.o(i.sEE_DeInit)
    sEE_EnterCriticalSection_UserCallback    0x080020e1   Thumb Code     4  stm32_eval_i2c_ee.o(i.sEE_EnterCriticalSection_UserCallback)
    sEE_ExitCriticalSection_UserCallback     0x080020e5   Thumb Code     4  stm32_eval_i2c_ee.o(i.sEE_ExitCriticalSection_UserCallback)
    sEE_Init                                 0x080020e9   Thumb Code    76  stm32_eval_i2c_ee.o(i.sEE_Init)
    sEE_LowLevel_DMAConfig                   0x08002141   Thumb Code    56  stm3210c_eval.o(i.sEE_LowLevel_DMAConfig)
    sEE_LowLevel_DeInit                      0x08002181   Thumb Code   142  stm3210c_eval.o(i.sEE_LowLevel_DeInit)
    sEE_LowLevel_Init                        0x0800221d   Thumb Code   216  stm3210c_eval.o(i.sEE_LowLevel_Init)
    sEE_ReadBuffer                           0x08002305   Thumb Code   542  stm32_eval_i2c_ee.o(i.sEE_ReadBuffer)
    sEE_TIMEOUT_UserCallback                 0x0800256d   Thumb Code    14  main.o(i.sEE_TIMEOUT_UserCallback)
    sEE_WaitEepromStandbyState               0x08002591   Thumb Code   218  stm32_eval_i2c_ee.o(i.sEE_WaitEepromStandbyState)
    sEE_WriteBuffer                          0x08002681   Thumb Code   698  stm32_eval_i2c_ee.o(i.sEE_WriteBuffer)
    sEE_WritePage                            0x08002945   Thumb Code   236  stm32_eval_i2c_ee.o(i.sEE_WritePage)
    Region$$Table$$Base                      0x08002bf0   Number         0  anon$$obj.o(Region$$Table)
    Region$$Table$$Limit                     0x08002c10   Number         0  anon$$obj.o(Region$$Table)
    Tx1_Buffer                               0x20000000   Data          16  main.o(.data)
    Tx2_Buffer                               0x20000010   Data         135  main.o(.data)
    TransferStatus1                          0x20000097   Data           1  main.o(.data)
    TransferStatus2                          0x20000098   Data           1  main.o(.data)
    NumDataRead                              0x2000009a   Data           2  main.o(.data)
    NumDataWrite                             0x2000009c   Data           1  main.o(.data)
    __stdout                                 0x200000a0   Data           4  logdebug.o(.data)
    sEEAddress                               0x200000b8   Data           2  stm32_eval_i2c_ee.o(.data)
    sEETimeout                               0x200000bc   Data           4  stm32_eval_i2c_ee.o(.data)
    sEEDataReadPointer                       0x200000c0   Data           4  stm32_eval_i2c_ee.o(.data)
    sEEDataWritePointer                      0x200000c4   Data           4  stm32_eval_i2c_ee.o(.data)
    sEEDataNum                               0x200000c8   Data           1  stm32_eval_i2c_ee.o(.data)
    Rx1_Buffer                               0x200000cc   Data          15  main.o(.bss)
    Rx2_Buffer                               0x200000db   Data         134  main.o(.bss)
    Rx_Buffer                                0x20000161   Data         256  main.o(.bss)
    Tx_Buffer                                0x20000261   Data         256  main.o(.bss)
    sEEDMA_InitStructure                     0x20000364   Data          44  stm3210c_eval.o(.bss)
    __libspace_start                         0x20000390   Data          96  libspace.o(.bss)
    __temporary_stack_top$libspace           0x200003f0   Data           0  libspace.o(.bss)



==============================================================================

Memory Map of the image

  Image Entry point : 0x08000131

  Load Region LR_IROM1 (Base: 0x08000000, Size: 0x00002cdc, Max: 0x00040000, ABSOLUTE)

    Execution Region ER_IROM1 (Base: 0x08000000, Size: 0x00002c10, Max: 0x00040000, ABSOLUTE)

    Base Addr    Size         Type   Attr      Idx    E Section Name        Object

    0x08000000   0x00000130   Data   RO         1309    RESET               startup_stm32f10x_hd.o
    0x08000130   0x00000008   Code   RO         1526  * !!!main             c_w.l(__main.o)
    0x08000138   0x00000034   Code   RO         1694    !!!scatter          c_w.l(__scatter.o)
    0x0800016c   0x0000001a   Code   RO         1696    !!handler_copy      c_w.l(__scatter_copy.o)
    0x08000186   0x00000002   PAD
    0x08000188   0x0000001c   Code   RO         1698    !!handler_zi        c_w.l(__scatter_zi.o)
    0x080001a4   0x00000000   Code   RO         1523    .ARM.Collect$$_printf_percent$$00000000  c_w.l(_printf_percent.o)
    0x080001a4   0x00000006   Code   RO         1522    .ARM.Collect$$_printf_percent$$0000000C  c_w.l(_printf_x.o)
    0x080001aa   0x00000004   Code   RO         1535    .ARM.Collect$$_printf_percent$$00000017  c_w.l(_printf_percent_end.o)
    0x080001ae   0x00000002   Code   RO         1568    .ARM.Collect$$libinit$$00000000  c_w.l(libinit.o)
    0x080001b0   0x00000000   Code   RO         1575    .ARM.Collect$$libinit$$00000002  c_w.l(libinit2.o)
    0x080001b0   0x00000000   Code   RO         1577    .ARM.Collect$$libinit$$00000004  c_w.l(libinit2.o)
    0x080001b0   0x00000000   Code   RO         1580    .ARM.Collect$$libinit$$0000000A  c_w.l(libinit2.o)
    0x080001b0   0x00000000   Code   RO         1582    .ARM.Collect$$libinit$$0000000C  c_w.l(libinit2.o)
    0x080001b0   0x00000000   Code   RO         1584    .ARM.Collect$$libinit$$0000000E  c_w.l(libinit2.o)
    0x080001b0   0x00000000   Code   RO         1587    .ARM.Collect$$libinit$$00000011  c_w.l(libinit2.o)
    0x080001b0   0x00000000   Code   RO         1589    .ARM.Collect$$libinit$$00000013  c_w.l(libinit2.o)
    0x080001b0   0x00000000   Code   RO         1591    .ARM.Collect$$libinit$$00000015  c_w.l(libinit2.o)
    0x080001b0   0x00000000   Code   RO         1593    .ARM.Collect$$libinit$$00000017  c_w.l(libinit2.o)
    0x080001b0   0x00000000   Code   RO         1595    .ARM.Collect$$libinit$$00000019  c_w.l(libinit2.o)
    0x080001b0   0x00000000   Code   RO         1597    .ARM.Collect$$libinit$$0000001B  c_w.l(libinit2.o)
    0x080001b0   0x00000000   Code   RO         1599    .ARM.Collect$$libinit$$0000001D  c_w.l(libinit2.o)
    0x080001b0   0x00000000   Code   RO         1601    .ARM.Collect$$libinit$$0000001F  c_w.l(libinit2.o)
    0x080001b0   0x00000000   Code   RO         1603    .ARM.Collect$$libinit$$00000021  c_w.l(libinit2.o)
    0x080001b0   0x00000000   Code   RO         1605    .ARM.Collect$$libinit$$00000023  c_w.l(libinit2.o)
    0x080001b0   0x00000000   Code   RO         1607    .ARM.Collect$$libinit$$00000025  c_w.l(libinit2.o)
    0x080001b0   0x00000000   Code   RO         1611    .ARM.Collect$$libinit$$0000002C  c_w.l(libinit2.o)
    0x080001b0   0x00000000   Code   RO         1613    .ARM.Collect$$libinit$$0000002E  c_w.l(libinit2.o)
    0x080001b0   0x00000000   Code   RO         1615    .ARM.Collect$$libinit$$00000030  c_w.l(libinit2.o)
    0x080001b0   0x00000000   Code   RO         1617    .ARM.Collect$$libinit$$00000032  c_w.l(libinit2.o)
    0x080001b0   0x00000002   Code   RO         1618    .ARM.Collect$$libinit$$00000033  c_w.l(libinit2.o)
    0x080001b2   0x00000002   Code   RO         1636    .ARM.Collect$$libshutdown$$00000000  c_w.l(libshutdown.o)
    0x080001b4   0x00000000   Code   RO         1646    .ARM.Collect$$libshutdown$$00000002  c_w.l(libshutdown2.o)
    0x080001b4   0x00000000   Code   RO         1648    .ARM.Collect$$libshutdown$$00000004  c_w.l(libshutdown2.o)
    0x080001b4   0x00000000   Code   RO         1651    .ARM.Collect$$libshutdown$$00000007  c_w.l(libshutdown2.o)
    0x080001b4   0x00000000   Code   RO         1654    .ARM.Collect$$libshutdown$$0000000A  c_w.l(libshutdown2.o)
    0x080001b4   0x00000000   Code   RO         1656    .ARM.Collect$$libshutdown$$0000000C  c_w.l(libshutdown2.o)
    0x080001b4   0x00000000   Code   RO         1659    .ARM.Collect$$libshutdown$$0000000F  c_w.l(libshutdown2.o)
    0x080001b4   0x00000002   Code   RO         1660    .ARM.Collect$$libshutdown$$00000010  c_w.l(libshutdown2.o)
    0x080001b6   0x00000000   Code   RO         1530    .ARM.Collect$$rtentry$$00000000  c_w.l(__rtentry.o)
    0x080001b6   0x00000000   Code   RO         1537    .ARM.Collect$$rtentry$$00000002  c_w.l(__rtentry2.o)
    0x080001b6   0x00000006   Code   RO         1549    .ARM.Collect$$rtentry$$00000004  c_w.l(__rtentry4.o)
    0x080001bc   0x00000000   Code   RO         1539    .ARM.Collect$$rtentry$$00000009  c_w.l(__rtentry2.o)
    0x080001bc   0x00000004   Code   RO         1540    .ARM.Collect$$rtentry$$0000000A  c_w.l(__rtentry2.o)
    0x080001c0   0x00000000   Code   RO         1542    .ARM.Collect$$rtentry$$0000000C  c_w.l(__rtentry2.o)
    0x080001c0   0x00000008   Code   RO         1543    .ARM.Collect$$rtentry$$0000000D  c_w.l(__rtentry2.o)
    0x080001c8   0x00000002   Code   RO         1572    .ARM.Collect$$rtexit$$00000000  c_w.l(rtexit.o)
    0x080001ca   0x00000000   Code   RO         1620    .ARM.Collect$$rtexit$$00000002  c_w.l(rtexit2.o)
    0x080001ca   0x00000004   Code   RO         1621    .ARM.Collect$$rtexit$$00000003  c_w.l(rtexit2.o)
    0x080001ce   0x00000006   Code   RO         1622    .ARM.Collect$$rtexit$$00000004  c_w.l(rtexit2.o)
    0x080001d4   0x00000040   Code   RO         1310    .text               startup_stm32f10x_hd.o
    0x08000214   0x00000002   Code   RO         1471    .text               c_w.l(use_no_semi_2.o)
    0x08000216   0x00000002   PAD
    0x08000218   0x00000018   Code   RO         1475    .text               c_w.l(noretval__2printf.o)
    0x08000230   0x0000004e   Code   RO         1479    .text               c_w.l(_printf_pad.o)
    0x0800027e   0x00000002   PAD
    0x08000280   0x00000058   Code   RO         1484    .text               c_w.l(_printf_hex_int.o)
    0x080002d8   0x00000138   Code   RO         1514    .text               c_w.l(__printf_flags_wp.o)
    0x08000410   0x00000006   Code   RO         1524    .text               c_w.l(heapauxi.o)
    0x08000416   0x00000002   Code   RO         1528    .text               c_w.l(use_no_semi.o)
    0x08000418   0x000000b2   Code   RO         1531    .text               c_w.l(_printf_intcommon.o)
    0x080004ca   0x00000002   PAD
    0x080004cc   0x00000024   Code   RO         1533    .text               c_w.l(_printf_char_file.o)
    0x080004f0   0x00000030   Code   RO         1551    .text               c_w.l(_printf_char_common.o)
    0x08000520   0x00000008   Code   RO         1553    .text               c_w.l(ferror.o)
    0x08000528   0x0000004a   Code   RO         1557    .text               c_w.l(sys_stackheap_outer.o)
    0x08000572   0x00000012   Code   RO         1561    .text               c_w.l(exit.o)
    0x08000584   0x00000008   Code   RO         1569    .text               c_w.l(libspace.o)
    0x0800058c   0x00000024   Code   RO            1    i.Buffercmp         main.o
    0x080005b0   0x00000004   Code   RO          157    i.BusFault_Handler  stm32f10x_it.o
    0x080005b4   0x00000074   Code   RO         1314    i.DMA1_Channel6_IRQHandler  stm32_eval_i2c_ee.o
    0x08000628   0x0000003c   Code   RO         1315    i.DMA1_Channel7_IRQHandler  stm32_eval_i2c_ee.o
    0x08000664   0x00000040   Code   RO          842    i.DMA_ClearFlag     stm32f10x_dma.o
    0x080006a4   0x000000a4   Code   RO          844    i.DMA_Cmd           stm32f10x_dma.o
    0x08000748   0x000001bc   Code   RO          845    i.DMA_DeInit        stm32f10x_dma.o
    0x08000904   0x00000188   Code   RO          847    i.DMA_GetFlagStatus  stm32f10x_dma.o
    0x08000a8c   0x000000b4   Code   RO          849    i.DMA_ITConfig      stm32f10x_dma.o
    0x08000b40   0x00000190   Code   RO          850    i.DMA_Init          stm32f10x_dma.o
    0x08000cd0   0x00000002   Code   RO          158    i.DebugMon_Handler  stm32f10x_it.o
    0x08000cd2   0x00000002   PAD
    0x08000cd4   0x000000cc   Code   RO            2    i.DumpGpioRegs      main.o
    0x08000da0   0x00000128   Code   RO            3    i.DumpI2CRegs       main.o
    0x08000ec8   0x0000019c   Code   RO          733    i.GPIO_Init         stm32f10x_gpio.o
    0x08001064   0x00000004   Code   RO          159    i.HardFault_Handler  stm32f10x_it.o
    0x08001068   0x00000054   Code   RO          523    i.I2C_AcknowledgeConfig  stm32f10x_i2c.o
    0x080010bc   0x0000010c   Code   RO          525    i.I2C_CheckEvent    stm32f10x_i2c.o
    0x080011c8   0x0000004c   Code   RO          526    i.I2C_ClearFlag     stm32f10x_i2c.o
    0x08001214   0x00000054   Code   RO          528    i.I2C_Cmd           stm32f10x_i2c.o
    0x08001268   0x00000054   Code   RO          529    i.I2C_DMACmd        stm32f10x_i2c.o
    0x080012bc   0x00000054   Code   RO          530    i.I2C_DMALastTransferCmd  stm32f10x_i2c.o
    0x08001310   0x00000054   Code   RO          531    i.I2C_DeInit        stm32f10x_i2c.o
    0x08001364   0x00000054   Code   RO          535    i.I2C_GenerateSTART  stm32f10x_i2c.o
    0x080013b8   0x00000054   Code   RO          536    i.I2C_GenerateSTOP  stm32f10x_i2c.o
    0x0800140c   0x0000010c   Code   RO          537    i.I2C_GetFlagStatus  stm32f10x_i2c.o
    0x08001518   0x000001a0   Code   RO          542    i.I2C_Init          stm32f10x_i2c.o
    0x080016b8   0x00000030   Code   RO          547    i.I2C_ReceiveData   stm32f10x_i2c.o
    0x080016e8   0x00000050   Code   RO          549    i.I2C_Send7bitAddress  stm32f10x_i2c.o
    0x08001738   0x00000030   Code   RO          550    i.I2C_SendData      stm32f10x_i2c.o
    0x08001768   0x00000088   Code   RO          254    i.LogDebugInit      logdebug.o
    0x080017f0   0x0000001e   Code   RO            4    i.MainDelay         main.o
    0x0800180e   0x00000004   Code   RO          160    i.MemManage_Handler  stm32f10x_it.o
    0x08001812   0x00000002   Code   RO          161    i.NMI_Handler       stm32f10x_it.o
    0x08001814   0x000000e8   Code   RO          285    i.NVIC_Init         misc.o
    0x080018fc   0x00000002   Code   RO          162    i.PendSV_Handler    stm32f10x_it.o
    0x080018fe   0x00000002   PAD
    0x08001900   0x00000054   Code   RO          322    i.RCC_AHBPeriphClockCmd  stm32f10x_rcc.o
    0x08001954   0x00000054   Code   RO          323    i.RCC_APB1PeriphClockCmd  stm32f10x_rcc.o
    0x080019a8   0x00000054   Code   RO          324    i.RCC_APB1PeriphResetCmd  stm32f10x_rcc.o
    0x080019fc   0x00000054   Code   RO          325    i.RCC_APB2PeriphClockCmd  stm32f10x_rcc.o
    0x08001a50   0x000000d4   Code   RO          333    i.RCC_GetClocksFreq  stm32f10x_rcc.o
    0x08001b24   0x00000002   Code   RO          163    i.SVC_Handler       stm32f10x_it.o
    0x08001b26   0x00000008   Code   RO          220    i.SetSysClock       system_stm32f10x.o
    0x08001b2e   0x00000002   PAD
    0x08001b30   0x000000e0   Code   RO          221    i.SetSysClockTo72   system_stm32f10x.o
    0x08001c10   0x00000002   Code   RO          164    i.SysTick_Handler   stm32f10x_it.o
    0x08001c12   0x00000002   PAD
    0x08001c14   0x00000060   Code   RO          223    i.SystemInit        system_stm32f10x.o
    0x08001c74   0x00000074   Code   RO         1064    i.USART_Cmd         stm32f10x_usart.o
    0x08001ce8   0x000001e0   Code   RO         1071    i.USART_Init        stm32f10x_usart.o
    0x08001ec8   0x00000004   Code   RO          165    i.UsageFault_Handler  stm32f10x_it.o
    0x08001ecc   0x0000000e   Code   RO         1512    i._is_digit         c_w.l(__printf_wp.o)
    0x08001eda   0x00000006   Code   RO          255    i._sys_exit         logdebug.o
    0x08001ee0   0x00000004   Code   RO            5    i.assert_failed     main.o
    0x08001ee4   0x0000001c   Code   RO          256    i.fputc             logdebug.o
    0x08001f00   0x000001d8   Code   RO            6    i.main              main.o
    0x080020d8   0x00000008   Code   RO         1316    i.sEE_DeInit        stm32_eval_i2c_ee.o
    0x080020e0   0x00000004   Code   RO         1317    i.sEE_EnterCriticalSection_UserCallback  stm32_eval_i2c_ee.o
    0x080020e4   0x00000004   Code   RO         1318    i.sEE_ExitCriticalSection_UserCallback  stm32_eval_i2c_ee.o
    0x080020e8   0x00000058   Code   RO         1319    i.sEE_Init          stm32_eval_i2c_ee.o
    0x08002140   0x00000040   Code   RO         1392    i.sEE_LowLevel_DMAConfig  stm3210c_eval.o
    0x08002180   0x0000009c   Code   RO         1393    i.sEE_LowLevel_DeInit  stm3210c_eval.o
    0x0800221c   0x000000e8   Code   RO         1394    i.sEE_LowLevel_Init  stm3210c_eval.o
    0x08002304   0x00000268   Code   RO         1320    i.sEE_ReadBuffer    stm32_eval_i2c_ee.o
    0x0800256c   0x00000024   Code   RO            7    i.sEE_TIMEOUT_UserCallback  main.o
    0x08002590   0x000000f0   Code   RO         1321    i.sEE_WaitEepromStandbyState  stm32_eval_i2c_ee.o
    0x08002680   0x000002c4   Code   RO         1322    i.sEE_WriteBuffer   stm32_eval_i2c_ee.o
    0x08002944   0x00000108   Code   RO         1323    i.sEE_WritePage     stm32_eval_i2c_ee.o
    0x08002a4c   0x00000028   Data   RO         1485    .constdata          c_w.l(_printf_hex_int.o)
    0x08002a74   0x00000011   Data   RO         1515    .constdata          c_w.l(__printf_flags_wp.o)
    0x08002a85   0x00000003   PAD
    0x08002a88   0x00000045   Data   RO          353    .conststring        stm32f10x_rcc.o
    0x08002acd   0x00000003   PAD
    0x08002ad0   0x00000045   Data   RO          555    .conststring        stm32f10x_i2c.o
    0x08002b15   0x00000003   PAD
    0x08002b18   0x00000046   Data   RO          745    .conststring        stm32f10x_gpio.o
    0x08002b5e   0x00000002   PAD
    0x08002b60   0x00000045   Data   RO          853    .conststring        stm32f10x_dma.o
    0x08002ba5   0x00000003   PAD
    0x08002ba8   0x00000047   Data   RO         1089    .conststring        stm32f10x_usart.o
    0x08002bef   0x00000001   PAD
    0x08002bf0   0x00000020   Data   RO         1692    Region$$Table       anon$$obj.o


    Execution Region RW_IRAM1 (Base: 0x20000000, Size: 0x000009f0, Max: 0x0000c000, ABSOLUTE)

    Base Addr    Size         Type   Attr      Idx    E Section Name        Object

    0x20000000   0x0000009d   Data   RW            9    .data               main.o
    0x2000009d   0x00000003   PAD
    0x200000a0   0x00000004   Data   RW          257    .data               logdebug.o
    0x200000a4   0x00000014   Data   RW          354    .data               stm32f10x_rcc.o
    0x200000b8   0x00000011   Data   RW         1324    .data               stm32_eval_i2c_ee.o
    0x200000c9   0x00000003   PAD
    0x200000cc   0x00000295   Zero   RW            8    .bss                main.o
    0x20000361   0x00000003   PAD
    0x20000364   0x0000002c   Zero   RW         1395    .bss                stm3210c_eval.o
    0x20000390   0x00000060   Zero   RW         1570    .bss                c_w.l(libspace.o)
    0x200003f0   0x00000200   Zero   RW         1308    HEAP                startup_stm32f10x_hd.o
    0x200005f0   0x00000400   Zero   RW         1307    STACK               startup_stm32f10x_hd.o


==============================================================================

Image component sizes


      Code (inc. data)   RO Data    RW Data    ZI Data      Debug   Object Name

         0          0          0          0          0         32   core_cm3.o
       170         14          0          4          0       3429   logdebug.o
      1078        562          0        157        661     256370   main.o
       232         74          0          0          0       1296   misc.o
        64         26        304          0       1536        968   startup_stm32f10x_hd.o
       452         38          0          0         44       4132   stm3210c_eval.o
      2108        180          0         17          0       8883   stm32_eval_i2c_ee.o
      1644        118         69          0          0       6677   stm32f10x_dma.o
       412         34         70          0          0       2328   stm32f10x_gpio.o
      1792        248         69          0          0      12451   stm32f10x_i2c.o
        26          0          0          0          0       4090   stm32f10x_it.o
       548         72         69         20          0       6547   stm32f10x_rcc.o
       596         56         71          0          0       3389   stm32f10x_usart.o
       328         28          0          0          0       2029   system_stm32f10x.o

    ----------------------------------------------------------------------
      9458       1450        696        204       2244     312621   Object Totals
         0          0         32          0          0          0   (incl. Generated)
         8          0         12          6          3          0   (incl. Padding)

    ----------------------------------------------------------------------

      Code (inc. data)   RO Data    RW Data    ZI Data      Debug   Library Member Name

         8          0          0          0          0         68   __main.o
       312          4         17          0          0         92   __printf_flags_wp.o
        14          0          0          0          0         68   __printf_wp.o
         0          0          0          0          0          0   __rtentry.o
        12          0          0          0          0          0   __rtentry2.o
         6          0          0          0          0          0   __rtentry4.o
        52          8          0          0          0          0   __scatter.o
        26          0          0          0          0          0   __scatter_copy.o
        28          0          0          0          0          0   __scatter_zi.o
        48          6          0          0          0         96   _printf_char_common.o
        36          4          0          0          0         80   _printf_char_file.o
        88          4         40          0          0         88   _printf_hex_int.o
       178          0          0          0          0         88   _printf_intcommon.o
        78          0          0          0          0        108   _printf_pad.o
         0          0          0          0          0          0   _printf_percent.o
         4          0          0          0          0          0   _printf_percent_end.o
         6          0          0          0          0          0   _printf_x.o
        18          0          0          0          0         80   exit.o
         8          0          0          0          0         68   ferror.o
         6          0          0          0          0        152   heapauxi.o
         2          0          0          0          0          0   libinit.o
         2          0          0          0          0          0   libinit2.o
         2          0          0          0          0          0   libshutdown.o
         2          0          0          0          0          0   libshutdown2.o
         8          4          0          0         96         68   libspace.o
        24          4          0          0          0         84   noretval__2printf.o
         2          0          0          0          0          0   rtexit.o
        10          0          0          0          0          0   rtexit2.o
        74          0          0          0          0         80   sys_stackheap_outer.o
         2          0          0          0          0         68   use_no_semi.o
         2          0          0          0          0         68   use_no_semi_2.o

    ----------------------------------------------------------------------
      1066         34         60          0         96       1356   Library Totals
         8          0          3          0          0          0   (incl. Padding)

    ----------------------------------------------------------------------

      Code (inc. data)   RO Data    RW Data    ZI Data      Debug   Library Name

      1058         34         57          0         96       1356   c_w.l

    ----------------------------------------------------------------------
      1066         34         60          0         96       1356   Library Totals

    ----------------------------------------------------------------------

==============================================================================


      Code (inc. data)   RO Data    RW Data    ZI Data      Debug   

     10524       1484        756        204       2340     310177   Grand Totals
     10524       1484        756        204       2340     310177   ELF Image Totals
     10524       1484        756        204          0          0   ROM Totals

==============================================================================

    Total RO  Size (Code + RO Data)                11280 (  11.02kB)
    Total RW  Size (RW Data + ZI Data)              2544 (   2.48kB)
    Total ROM Size (Code + RO Data + RW Data)      11484 (  11.21kB)

==============================================================================

